MPLINK 4.43, Linker
Linker Map File - Created Tue Mar 01 17:23:13 2016

                                 Section Info
                  Section       Type    Address   Location Size(Bytes)
                ---------  ---------  ---------  ---------  ---------
               _entry_scn       code   0x000000    program   0x000006
           .code___init.o       code   0x000006    program   0x000002
              high_vector       code   0x000008    program   0x000006
         .romdata_uiPar.o    romdata   0x00000e    program   0x00000a
               low_vector       code   0x000018    program   0x000006
                   .cinit    romdata   0x00001e    program   0x000026
           .code_uiLbox.o       code   0x000044    program   0x000950
          .code_rs2Glcd.o       code   0x000994    program   0x0005ea
           .code_rs2Lcd.o       code   0x000f7e    program   0x000500
           .code_uiPage.o       code   0x00147e    program   0x00048a
            .code_uiPar.o       code   0x001908    program   0x0002c0
 .romdata_uiApplication.o    romdata   0x001bc8    program   0x0002a3
       .romdata_rs2Glcd.o    romdata   0x001e6b    program   0x000280
       .idata_rs2Glcd.o_i    romdata   0x0020eb    program   0x000000
         .romdata_fnDef.o    romdata   0x0020eb    program   0x000000
         .romdata_uiDef.o    romdata   0x0020eb    program   0x000000
          .idata_main.o_i    romdata   0x0020eb    program   0x000000
       .romdata_Process.o    romdata   0x0020eb    program   0x000000
           .idata_Def.o_i    romdata   0x0020eb    program   0x000000
         .idata_fnDef.o_i    romdata   0x0020eb    program   0x000000
        .idata_uiBase.o_i    romdata   0x0020eb    program   0x000000
         .romdata_uiVar.o    romdata   0x0020eb    program   0x000000
  .idata_ProcessTable.o_i    romdata   0x0020eb    program   0x000000
          .romdata_main.o    romdata   0x0020eb    program   0x000000
      .romdata_rs2Timer.o    romdata   0x0020eb    program   0x000000
      .idata_rs2Timer.o_i    romdata   0x0020eb    program   0x000000
        .idata_uiLbox.o_i    romdata   0x0020eb    program   0x000000
   .romdata_rs2HW_Micro.o    romdata   0x0020eb    program   0x000000
   .idata_rs2HW_Micro.o_i    romdata   0x0020eb    program   0x000000
        .romdata___init.o    romdata   0x0020eb    program   0x000000
         .idata_uiVar.o_i    romdata   0x0020eb    program   0x000000
    .romdata_rs2Buttons.o    romdata   0x0020eb    program   0x000000
         .idata_uiPar.o_i    romdata   0x0020eb    program   0x000000
        .idata___init.o_i    romdata   0x0020eb    program   0x000000
              .code_Def.o       code   0x0020ec    program   0x000000
    .code_uiApplication.o       code   0x0020ec    program   0x000000
          .code_Process.o       code   0x0020ec    program   0x0001b2
            .code_c018i.o       code   0x0020ec    program   0x000000
         .code_rs2Timer.o       code   0x00229e    program   0x00012e
       .code_rs2Buttons.o       code   0x0023cc    program   0x00011c
         .code_rs2Touch.o       code   0x0024e8    program   0x0000ea
  .code_rs2HW_Interrupt.o       code   0x0025d2    program   0x0000d2
               _cinit_scn       code   0x0026a4    program   0x00009e
           .code_uiBase.o       code   0x002742    program   0x00009c
             .code_Test.o       code   0x0027de    program   0x000070
           .code_rs2ADC.o       code   0x00284e    program   0x00005c
        .romdata_uiBase.o    romdata   0x0028aa    program   0x00003c
                   STRING       code   0x0028e6    program   0x000032
        .romdata_uiLbox.o    romdata   0x002918    program   0x00002c
             .stringtable    romdata   0x002944    program   0x000025
         .romdata_uiStr.o    romdata   0x002969    program   0x000000
         .idata_uiStr.o_i    romdata   0x002969    program   0x000000
         .idata_uiDef.o_i    romdata   0x002969    program   0x000000
       .idata_Process.o_i    romdata   0x002969    program   0x000000
      .idata_fxd0808u.o_i    romdata   0x002969    program   0x000000
      .romdata_fxd0808u.o    romdata   0x002969    program   0x000000
         .idata_c018i.o_i    romdata   0x002969    program   0x000000
         .romdata_c018i.o    romdata   0x002969    program   0x000000
.idata_rs2HW_Interrupt.o_i    romdata   0x002969    program   0x000000
.romdata_rs2HW_Interrupt.o    romdata   0x002969    program   0x000000
          .idata_Test.o_i    romdata   0x002969    program   0x000000
          .romdata_Test.o    romdata   0x002969    program   0x000000
           .romdata_Def.o    romdata   0x002969    program   0x000000
        .romdata_rs2ADC.o    romdata   0x002969    program   0x000000
      .idata_rs2Touch.o_i    romdata   0x002969    program   0x000000
      .romdata_rs2Touch.o    romdata   0x002969    program   0x000000
        .idata_rs2Lcd.o_i    romdata   0x002969    program   0x000000
        .romdata_rs2Lcd.o    romdata   0x002969    program   0x000000
    .idata_rs2Buttons.o_i    romdata   0x002969    program   0x000000
        .idata_uiPage.o_i    romdata   0x002969    program   0x000000
            .code_fnDef.o       code   0x00296a    program   0x000000
            .code_uiDef.o       code   0x00296a    program   0x000000
     .code_ProcessTable.o       code   0x00296a    program   0x000000
                    .code       code   0x00296a    program   0x000020
             _startup_scn       code   0x00298a    program   0x00001c
         .code_fxd0808u.o       code   0x0029a6    program   0x00001c
  .romdata_ProcessTable.o    romdata   0x0029c2    program   0x000018
            .code_uiVar.o       code   0x0029da    program   0x000014
            .code_uiStr.o       code   0x0029ee    program   0x000014
      .code_rs2HW_Micro.o       code   0x002a02    program   0x000014
         .romdata_Event.o    romdata   0x002a16    program   0x00000e
             .code_main.o       code   0x002a24    program   0x00000c
        .romdata_uiPage.o    romdata   0x002a30    program   0x00000a
            .code_Event.o       code   0x002a3a    program   0x000002
 .idata_uiApplication.o_i    romdata   0x002a3c    program   0x00000c
        .idata_rs2ADC.o_i    romdata   0x002a48    program   0x000003
         .idata_Event.o_i    romdata   0x002a4b    program   0x000004
                MATH_DATA      udata   0x000000       data   0x000010
                 .tmpdata      udata   0x000010       data   0x000006
             .udata_Def.o      udata   0x000060       data   0x00001a
          .udata_uiLbox.o      udata   0x00007a       data   0x00000e
   .idata_uiApplication.o      idata   0x000088       data   0x00000c
           .udata_c018i.o      udata   0x000094       data   0x00000a
          .udata_uiPage.o      udata   0x00009e       data   0x000008
           .udata_fnDef.o      udata   0x0000a6       data   0x000008
           .udata_uiPar.o      udata   0x0000ae       data   0x000007
           .idata_Event.o      idata   0x0000b5       data   0x000004
        .udata_rs2Touch.o      udata   0x0000b9       data   0x000003
          .udata_rs2Lcd.o      udata   0x0000bc       data   0x000003
         .udata_rs2Glcd.o      udata   0x0000bf       data   0x000003
          .idata_rs2ADC.o      idata   0x0000c2       data   0x000003
            .udata_Test.o      udata   0x0000c5       data   0x000002
           .udata_uiDef.o      udata   0x0000c7       data   0x000001
          .udata___init.o      udata   0x0000c8       data   0x000000
          .idata_uiLbox.o      idata   0x0000c8       data   0x000000
        .idata_fxd0808u.o      idata   0x0000c8       data   0x000000
        .udata_fxd0808u.o      udata   0x0000c8       data   0x000000
           .idata_uiPar.o      idata   0x0000c8       data   0x000000
           .udata_uiStr.o      udata   0x0000c8       data   0x000000
           .udata_Event.o      udata   0x0000c8       data   0x000000
           .idata_uiStr.o      idata   0x0000c8       data   0x000000
           .udata_uiVar.o      udata   0x0000c8       data   0x000000
           .idata_uiVar.o      idata   0x0000c8       data   0x000000
    .idata_ProcessTable.o      idata   0x0000c8       data   0x000000
           .idata_fnDef.o      idata   0x0000c8       data   0x000000
    .udata_ProcessTable.o      udata   0x0000c8       data   0x000000
           .idata_uiDef.o      idata   0x0000c8       data   0x000000
          .idata___init.o      idata   0x0000c8       data   0x000000
         .udata_Process.o      udata   0x0000c8       data   0x000000
         .idata_Process.o      idata   0x0000c8       data   0x000000
           .idata_c018i.o      idata   0x0000c8       data   0x000000
            .udata_main.o      udata   0x0000c8       data   0x000000
            .idata_main.o      idata   0x0000c8       data   0x000000
 .udata_rs2HW_Interrupt.o      udata   0x0000c8       data   0x000000
 .idata_rs2HW_Interrupt.o      idata   0x0000c8       data   0x000000
     .udata_rs2HW_Micro.o      udata   0x0000c8       data   0x000000
     .idata_rs2HW_Micro.o      idata   0x0000c8       data   0x000000
        .udata_rs2Timer.o      udata   0x0000c8       data   0x000000
        .idata_rs2Timer.o      idata   0x0000c8       data   0x000000
            .idata_Test.o      idata   0x0000c8       data   0x000000
             .idata_Def.o      idata   0x0000c8       data   0x000000
          .udata_rs2ADC.o      udata   0x0000c8       data   0x000000
        .idata_rs2Touch.o      idata   0x0000c8       data   0x000000
         .idata_rs2Glcd.o      idata   0x0000c8       data   0x000000
          .idata_rs2Lcd.o      idata   0x0000c8       data   0x000000
      .udata_rs2Buttons.o      udata   0x0000c8       data   0x000000
      .idata_rs2Buttons.o      idata   0x0000c8       data   0x000000
          .idata_uiPage.o      idata   0x0000c8       data   0x000000
   .udata_uiApplication.o      udata   0x0000c8       data   0x000000
          .udata_uiBase.o      udata   0x0000c8       data   0x000000
          .idata_uiBase.o      idata   0x0000c8       data   0x000000
                   .stack      udata   0x000500       data   0x000100
              SFR_BANKED0      udata   0x000f38       data   0x000028
            SFR_UNBANKED0      udata   0x000f60       data   0x0000a0



                              Program Memory Usage 
                               Start         End      
                           ---------   ---------      
                            0x000000    0x0020ea      
                            0x0020ec    0x002968      
                            0x00296a    0x002a4e      
            10829 out of 33048 program addresses used, program memory utilization is 32%



                              Symbols - Sorted by Name
                     Name    Address   Location    Storage File                     
                ---------  ---------  ---------  --------- ---------                
            AsciiToCustom   0x001e6b    program     extern C:\Users\Administrator\Documents\20-Firmware\emphi\work\rs2Glcd.c
             BaseElemento   0x0028aa    program     extern C:\Users\Administrator\Documents\20-Firmware\emphi\work\uiBase.c
                 BaseNull   0x002742    program     extern C:\Users\Administrator\Documents\20-Firmware\emphi\work\uiBase.c
              BaseNullPar   0x002744    program     extern C:\Users\Administrator\Documents\20-Firmware\emphi\work\uiBase.c
    BaseNullParCoordinate   0x002754    program     extern C:\Users\Administrator\Documents\20-Firmware\emphi\work\uiBase.c
             ButtonsTimer   0x00245e    program     extern C:\Users\Administrator\Documents\20-Firmware\emphi\work\rs2Buttons.c
               CharMatrix   0x001eeb    program     extern C:\Users\Administrator\Documents\20-Firmware\emphi\work\rs2Glcd.c
         ControlloButtons   0x002400    program     extern C:\Users\Administrator\Documents\20-Firmware\emphi\work\rs2Buttons.c
          ControlloTimer0   0x002390    program     extern C:\Users\Administrator\Documents\20-Firmware\emphi\work\rs2Timer.c
          ControlloTouch0   0x0025c0    program     extern C:\Users\Administrator\Documents\20-Firmware\emphi\work\rs2Touch.c
                EventNull   0x002a3a    program     extern C:\Users\Administrator\Documents\20-Firmware\emphi\work\Event.c
               EventTimer   0x002a16    program     extern C:\Users\Administrator\Documents\20-Firmware\emphi\work\Event.c
                 FXD0808U   0x0029a6    program     extern E:\MPASM_MPLINK_PIC18_LT_Branch_3_42\pic18-lt\cxx-framework\src\traditional\math\fxd0808u.c
                  GLcdSet   0x000994    program     extern C:\Users\Administrator\Documents\20-Firmware\emphi\work\rs2Glcd.c
              InitButtons   0x0023cc    program     extern C:\Users\Administrator\Documents\20-Firmware\emphi\work\rs2Buttons.c
       InitInterruptTimer   0x002688    program     extern C:\Users\Administrator\Documents\20-Firmware\emphi\work\rs2HW_Interrupt.c
                InitMicro   0x002a02    program     extern C:\Users\Administrator\Documents\20-Firmware\emphi\work\rs2HW_Micro.c
                InitTimer   0x00229e    program     extern C:\Users\Administrator\Documents\20-Firmware\emphi\work\rs2Timer.c
             LabelDisplay   0x0019e0    program     extern C:\Users\Administrator\Documents\20-Firmware\emphi\work\uiPar.c
             LboxElemento   0x001e07    program     extern C:\Users\Administrator\Documents\20-Firmware\emphi\work\uiApplication.c
        LboxListaElementi   0x001e27    program     extern C:\Users\Administrator\Documents\20-Firmware\emphi\work\uiApplication.c
           LcdBlinkingOff   0x0013f2    program     extern C:\Users\Administrator\Documents\20-Firmware\emphi\work\rs2Lcd.c
            LcdBlinkingOn   0x001400    program     extern C:\Users\Administrator\Documents\20-Firmware\emphi\work\rs2Lcd.c
                    LcdCh   0x0011aa    program     extern C:\Users\Administrator\Documents\20-Firmware\emphi\work\rs2Lcd.c
                   LcdCmd   0x000fcc    program     extern C:\Users\Administrator\Documents\20-Firmware\emphi\work\rs2Lcd.c
                 LcdCmdCh   0x00101c    program     extern C:\Users\Administrator\Documents\20-Firmware\emphi\work\rs2Lcd.c
             LcdCursorOff   0x0013d6    program     extern C:\Users\Administrator\Documents\20-Firmware\emphi\work\rs2Lcd.c
              LcdCursorOn   0x0013e4    program     extern C:\Users\Administrator\Documents\20-Firmware\emphi\work\rs2Lcd.c
           LcdCursorShift   0x00141c    program     extern C:\Users\Administrator\Documents\20-Firmware\emphi\work\rs2Lcd.c
            LcdDisplayOff   0x0013ba    program     extern C:\Users\Administrator\Documents\20-Firmware\emphi\work\rs2Lcd.c
             LcdDisplayOn   0x0013c8    program     extern C:\Users\Administrator\Documents\20-Firmware\emphi\work\rs2Lcd.c
          LcdDisplayReset   0x001394    program     extern C:\Users\Administrator\Documents\20-Firmware\emphi\work\rs2Lcd.c
          LcdDisplayShift   0x00140e    program     extern C:\Users\Administrator\Documents\20-Firmware\emphi\work\rs2Lcd.c
       LcdEntryModeCursor   0x001470    program     extern C:\Users\Administrator\Documents\20-Firmware\emphi\work\rs2Lcd.c
      LcdEntryModeDisplay   0x001462    program     extern C:\Users\Administrator\Documents\20-Firmware\emphi\work\rs2Lcd.c
    LcdEntryModeLeftShift   0x001454    program     extern C:\Users\Administrator\Documents\20-Firmware\emphi\work\rs2Lcd.c
   LcdEntryModeRightShift   0x001446    program     extern C:\Users\Administrator\Documents\20-Firmware\emphi\work\rs2Lcd.c
                  LcdInit   0x001046    program     extern C:\Users\Administrator\Documents\20-Firmware\emphi\work\rs2Lcd.c
                 LcdInit1   0x000f98    program     extern C:\Users\Administrator\Documents\20-Firmware\emphi\work\rs2Lcd.c
             LcdLeftShift   0x001438    program     extern C:\Users\Administrator\Documents\20-Firmware\emphi\work\rs2Lcd.c
              LcdNumberRC   0x0012c2    program     extern C:\Users\Administrator\Documents\20-Firmware\emphi\work\rs2Lcd.c
               LcdRegInit   0x000f7e    program     extern C:\Users\Administrator\Documents\20-Firmware\emphi\work\rs2Lcd.c
            LcdRightShift   0x00142a    program     extern C:\Users\Administrator\Documents\20-Firmware\emphi\work\rs2Lcd.c
              LcdRomStrRC   0x001256    program     extern C:\Users\Administrator\Documents\20-Firmware\emphi\work\rs2Lcd.c
           LcdSetPosition   0x0010e6    program     extern C:\Users\Administrator\Documents\20-Firmware\emphi\work\rs2Lcd.c
                 LcdStrRC   0x0011ee    program     extern C:\Users\Administrator\Documents\20-Firmware\emphi\work\rs2Lcd.c
             LeggiButtons   0x0023f0    program     extern C:\Users\Administrator\Documents\20-Firmware\emphi\work\rs2Buttons.c
             PageElemento   0x001e13    program     extern C:\Users\Administrator\Documents\20-Firmware\emphi\work\uiApplication.c
        PageListaElementi   0x001e39    program     extern C:\Users\Administrator\Documents\20-Firmware\emphi\work\uiApplication.c
              ParElemento   0x001dc8    program     extern C:\Users\Administrator\Documents\20-Firmware\emphi\work\uiApplication.c
              ProcessInit   0x0020ec    program     extern C:\Users\Administrator\Documents\20-Firmware\emphi\work\Process.c
         ProcessInitTable   0x0029cc    program     extern C:\Users\Administrator\Documents\20-Firmware\emphi\work\ProcessTable.c
              ProcessLoop   0x00214e    program     extern C:\Users\Administrator\Documents\20-Firmware\emphi\work\Process.c
             ProcessTable   0x0029c2    program     extern C:\Users\Administrator\Documents\20-Firmware\emphi\work\ProcessTable.c
              StrElemento   0x001bc8    program     extern C:\Users\Administrator\Documents\20-Firmware\emphi\work\uiApplication.c
              StrSetState   0x002a00    program     extern C:\Users\Administrator\Documents\20-Firmware\emphi\work\uiStr.c
                 TestInit   0x0027de    program     extern C:\Users\Administrator\Documents\20-Firmware\emphi\work\Test.c
              TestTmrGLCD   0x00284c    program     extern C:\Users\Administrator\Documents\20-Firmware\emphi\work\Test.c
            TestTmrSecond   0x002842    program     extern C:\Users\Administrator\Documents\20-Firmware\emphi\work\Test.c
               TouchTimer   0x00250c    program     extern C:\Users\Administrator\Documents\20-Firmware\emphi\work\rs2Touch.c
              UpdateTimer   0x0022f6    program     extern C:\Users\Administrator\Documents\20-Firmware\emphi\work\rs2Timer.c
             ValueDisplay   0x0019aa    program     extern C:\Users\Administrator\Documents\20-Firmware\emphi\work\uiPar.c
              VarSetState   0x0029ec    program     extern C:\Users\Administrator\Documents\20-Firmware\emphi\work\uiVar.c
       ___return_lbl00000   0x000004    program     static                          
       ___return_lbl00000   0x0029c0    program     static                          
       ___return_lbl00000   0x00000c    program     static                          
       ___return_lbl00001   0x00001c    program     static                          
       ___return_lbl00001   0x0029a4    program     static                          
       ___return_lbl00001   0x000fc4    program     static                          
       ___return_lbl00001   0x0028a0    program     static                          
       ___return_lbl00002   0x002740    program     static                          
       ___return_lbl00006   0x0010dc    program     static                          
       ___return_lbl00010   0x000a88    program     static                          
       ___return_lbl00035   0x0013b8    program     static                          
        ___while_lbl00002   0x002894    program     static                          
        ___while_lbl00003   0x00289c    program     static                          
        ___while_lbl00007   0x00105a    program     static                          
        ___while_lbl00008   0x00106e    program     static                          
        ___while_lbl00009   0x00107a    program     static                          
        ___while_lbl00010   0x001098    program     static                          
        ___while_lbl00011   0x0010c0    program     static                          
        ___while_lbl00012   0x0010d4    program     static                          
        ___while_lbl00036   0x0013a4    program     static                          
        ___while_lbl00037   0x0013b8    program     static                          
                   __init   0x000006    program     extern E:\MPASM_MPLINK_PIC18_LT_Branch_3_42\pic18-lt\cxx-framework\src\traditional\stdclib\__init.c
               __string_0   0x002944    program     static C:\Users\Administrator\Documents\20-Firmware\emphi\work\Test.c
               __string_0   0x002959    program     static C:\Users\Administrator\Documents\20-Firmware\emphi\work\uiPar.c
               __string_0   0x002957    program     static C:\Users\Administrator\Documents\20-Firmware\emphi\work\uiLbox.c
               __string_1   0x002955    program     static C:\Users\Administrator\Documents\20-Firmware\emphi\work\uiLbox.c
               __tmplbl_1   0x00108c    program     static                          
            __zero_memory   0x00296a    program     extern E:\MPASM_MPLINK_PIC18_LT_Branch_3_42\pic18-lt\cxx-framework\src\traditional\proc\p18f45k22.asm
                _do_cinit   0x0026a4    program     extern E:\MPASM_MPLINK_PIC18_LT_Branch_3_42\pic18-lt\cxx-framework\src\traditional\startup\c018i.c
                   _entry   0x000000    program     extern E:\MPASM_MPLINK_PIC18_LT_Branch_3_42\pic18-lt\cxx-framework\src\traditional\startup\c018i.c
                    _esci   0x000614    program     extern C:\Users\Administrator\Documents\20-Firmware\emphi\work\uiLbox.c
                 _startup   0x00298a    program     extern E:\MPASM_MPLINK_PIC18_LT_Branch_3_42\pic18-lt\cxx-framework\src\traditional\startup\c018i.c
                  adcInit   0x00284e    program     extern C:\Users\Administrator\Documents\20-Firmware\emphi\work\rs2ADC.c
           adcReadChannel   0x00285c    program     extern C:\Users\Administrator\Documents\20-Firmware\emphi\work\rs2ADC.c
                compare_l   0x002980    program     static E:\MPASM_MPLINK_PIC18_LT_Branch_3_42\pic18-lt\cxx-framework\src\traditional\proc\p18f45k22.asm
                copy_loop   0x002716    program     static                          
            copy_one_byte   0x00271c    program     static                          
                     done   0x002740    program     static                          
             done_copying   0x00272a    program     static                          
                  endloop   0x0029bc    program     static                          
           fbwDecAbsolute   0x000046    program     extern C:\Users\Administrator\Documents\20-Firmware\emphi\work\uiLbox.c
           fbwDecRelative   0x00004c    program     extern C:\Users\Administrator\Documents\20-Firmware\emphi\work\uiLbox.c
  fbwDisplayWindowFromBot   0x00019e    program     extern C:\Users\Administrator\Documents\20-Firmware\emphi\work\uiLbox.c
  fbwDisplayWindowFromTop   0x000052    program     extern C:\Users\Administrator\Documents\20-Firmware\emphi\work\uiLbox.c
           fbwIncAbsolute   0x000192    program     extern C:\Users\Administrator\Documents\20-Firmware\emphi\work\uiLbox.c
           fbwIncRelative   0x000198    program     extern C:\Users\Administrator\Documents\20-Firmware\emphi\work\uiLbox.c
    fbwSetAbsoluteToFirst   0x000190    program     extern C:\Users\Administrator\Documents\20-Firmware\emphi\work\uiLbox.c
     fbwSetAbsoluteToLast   0x000044    program     extern C:\Users\Administrator\Documents\20-Firmware\emphi\work\uiLbox.c
                   glcdCh   0x000df6    program     extern C:\Users\Administrator\Documents\20-Firmware\emphi\work\rs2Glcd.c
                 glcdChXY   0x000bae    program     extern C:\Users\Administrator\Documents\20-Firmware\emphi\work\rs2Glcd.c
            glcdInitPorts   0x0009ea    program     extern C:\Users\Administrator\Documents\20-Firmware\emphi\work\rs2Glcd.c
                glcdSetXY   0x000b36    program     extern C:\Users\Administrator\Documents\20-Firmware\emphi\work\rs2Glcd.c
                  glcdStr   0x000e9c    program     extern C:\Users\Administrator\Documents\20-Firmware\emphi\work\rs2Glcd.c
                glcdStrXY   0x000cb4    program     extern C:\Users\Administrator\Documents\20-Firmware\emphi\work\rs2Glcd.c
              glcdUpdateX   0x000a92    program     extern C:\Users\Administrator\Documents\20-Firmware\emphi\work\rs2Glcd.c
             glcdWriteCmd   0x000a2a    program     extern C:\Users\Administrator\Documents\20-Firmware\emphi\work\rs2Glcd.c
                 high_isr   0x0025d2    program     extern C:\Users\Administrator\Documents\20-Firmware\emphi\work\rs2HW_Interrupt.c
 interrupt_at_high_vector   0x000008    program     extern C:\Users\Administrator\Documents\20-Firmware\emphi\work\rs2HW_Interrupt.c
  interrupt_at_low_vector   0x000018    program     extern C:\Users\Administrator\Documents\20-Firmware\emphi\work\rs2HW_Interrupt.c
                     jEnd   0x002916    program     static E:\MPASM_MPLINK_PIC18_LT_Branch_3_42\pic18-lt\cxx-framework\src\traditional\stdclib\scpyp2r.asm
                    jLoop   0x00290c    program     static E:\MPASM_MPLINK_PIC18_LT_Branch_3_42\pic18-lt\cxx-framework\src\traditional\stdclib\scpyp2r.asm
                     loop   0x00299a    program     static                          
                     loop   0x0029ae    program     static                          
                   loop_h   0x002978    program     static E:\MPASM_MPLINK_PIC18_LT_Branch_3_42\pic18-lt\cxx-framework\src\traditional\proc\p18f45k22.asm
                   loop_l   0x002982    program     static E:\MPASM_MPLINK_PIC18_LT_Branch_3_42\pic18-lt\cxx-framework\src\traditional\proc\p18f45k22.asm
                  low_isr   0x002676    program     extern C:\Users\Administrator\Documents\20-Firmware\emphi\work\rs2HW_Interrupt.c
                     main   0x002a24    program     extern C:\Users\Administrator\Documents\20-Firmware\emphi\work\main.c
            strcpypgm2ram   0x0028e6    program     extern E:\MPASM_MPLINK_PIC18_LT_Branch_3_42\pic18-lt\cxx-framework\src\traditional\stdclib\scpyp2r.asm
                     test   0x0026be    program     static                          
   touchCheckLoopParallel   0x0025d0    program     extern C:\Users\Administrator\Documents\20-Firmware\emphi\work\rs2Touch.c
                touchInit   0x0024e8    program     extern C:\Users\Administrator\Documents\20-Firmware\emphi\work\rs2Touch.c
           uiBaseInitCold   0x002764    program     extern C:\Users\Administrator\Documents\20-Firmware\emphi\work\uiBase.c
           uiLboxDeselect   0x000702    program     extern C:\Users\Administrator\Documents\20-Firmware\emphi\work\uiLbox.c
              uiLboxEvent   0x00293a    program     extern C:\Users\Administrator\Documents\20-Firmware\emphi\work\uiLbox.c
   uiLboxEventButtonsDown   0x000504    program     extern C:\Users\Administrator\Documents\20-Firmware\emphi\work\uiLbox.c
  uiLboxEventButtonsEnter   0x0005e4    program     extern C:\Users\Administrator\Documents\20-Firmware\emphi\work\uiLbox.c
   uiLboxEventButtonsLeft   0x0006e0    program     extern C:\Users\Administrator\Documents\20-Firmware\emphi\work\uiLbox.c
  uiLboxEventButtonsRight   0x0006e4    program     extern C:\Users\Administrator\Documents\20-Firmware\emphi\work\uiLbox.c
     uiLboxEventButtonsUp   0x000426    program     extern C:\Users\Administrator\Documents\20-Firmware\emphi\work\uiLbox.c
            uiLboxEventOn   0x00071e    program     extern C:\Users\Administrator\Documents\20-Firmware\emphi\work\uiLbox.c
           uiLboxInitCold   0x0006f8    program     extern C:\Users\Administrator\Documents\20-Firmware\emphi\work\uiLbox.c
          uiLboxInitLight   0x0006e8    program     extern C:\Users\Administrator\Documents\20-Firmware\emphi\work\uiLbox.c
             uiLboxSelect   0x000812    program     extern C:\Users\Administrator\Documents\20-Firmware\emphi\work\uiLbox.c
              uiLboxTimer   0x000992    program     extern C:\Users\Administrator\Documents\20-Firmware\emphi\work\uiLbox.c
         uiLboxVisualizza   0x000870    program     extern C:\Users\Administrator\Documents\20-Firmware\emphi\work\uiLbox.c
              uiPageEvent   0x002a30    program     extern C:\Users\Administrator\Documents\20-Firmware\emphi\work\uiPage.c
   uiPageEventButtonsDown   0x00175c    program     extern C:\Users\Administrator\Documents\20-Firmware\emphi\work\uiPage.c
  uiPageEventButtonsEnter   0x00189c    program     extern C:\Users\Administrator\Documents\20-Firmware\emphi\work\uiPage.c
   uiPageEventButtonsLeft   0x001740    program     extern C:\Users\Administrator\Documents\20-Firmware\emphi\work\uiPage.c
  uiPageEventButtonsRight   0x001724    program     extern C:\Users\Administrator\Documents\20-Firmware\emphi\work\uiPage.c
     uiPageEventButtonsUp   0x0015fc    program     extern C:\Users\Administrator\Documents\20-Firmware\emphi\work\uiPage.c
          uiPageEventNull   0x00148e    program     extern C:\Users\Administrator\Documents\20-Firmware\emphi\work\uiPage.c
            uiPageEventOn   0x0018ee    program     extern C:\Users\Administrator\Documents\20-Firmware\emphi\work\uiPage.c
           uiPageInitCold   0x0018e2    program     extern C:\Users\Administrator\Documents\20-Firmware\emphi\work\uiPage.c
          uiPageInitLight   0x001490    program     extern C:\Users\Administrator\Documents\20-Firmware\emphi\work\uiPage.c
             uiPageSelect   0x00147e    program     extern C:\Users\Administrator\Documents\20-Firmware\emphi\work\uiPage.c
            uiParDeselect   0x001aca    program     extern C:\Users\Administrator\Documents\20-Firmware\emphi\work\uiPar.c
               uiParEvent   0x00000e    program     extern C:\Users\Administrator\Documents\20-Firmware\emphi\work\uiPar.c
    uiParEventButtonsDown   0x001a70    program     extern C:\Users\Administrator\Documents\20-Firmware\emphi\work\uiPar.c
   uiParEventButtonsEnter   0x001a94    program     extern C:\Users\Administrator\Documents\20-Firmware\emphi\work\uiPar.c
    uiParEventButtonsLeft   0x001a92    program     extern C:\Users\Administrator\Documents\20-Firmware\emphi\work\uiPar.c
   uiParEventButtonsRight   0x001a90    program     extern C:\Users\Administrator\Documents\20-Firmware\emphi\work\uiPar.c
      uiParEventButtonsUp   0x001a50    program     extern C:\Users\Administrator\Documents\20-Firmware\emphi\work\uiPar.c
             uiParEventOn   0x001af0    program     extern C:\Users\Administrator\Documents\20-Firmware\emphi\work\uiPar.c
            uiParInitCold   0x001ae6    program     extern C:\Users\Administrator\Documents\20-Firmware\emphi\work\uiPar.c
           uiParInitLight   0x001ad6    program     extern C:\Users\Administrator\Documents\20-Firmware\emphi\work\uiPar.c
              uiParSelect   0x001b34    program     extern C:\Users\Administrator\Documents\20-Firmware\emphi\work\uiPar.c
               uiParTimer   0x001908    program     extern C:\Users\Administrator\Documents\20-Firmware\emphi\work\uiPar.c
          uiParVisualizza   0x001b80    program     extern C:\Users\Administrator\Documents\20-Firmware\emphi\work\uiPar.c
            uiStrInitCold   0x0029ee    program     extern C:\Users\Administrator\Documents\20-Firmware\emphi\work\uiStr.c
           uiStrInitLight   0x0029f0    program     extern C:\Users\Administrator\Documents\20-Firmware\emphi\work\uiStr.c
            uiVarInitCold   0x0029da    program     extern C:\Users\Administrator\Documents\20-Firmware\emphi\work\uiVar.c
           uiVarInitLight   0x0029dc    program     extern C:\Users\Administrator\Documents\20-Firmware\emphi\work\uiVar.c
       wdButtonsTaskFlags   0x002918    program     extern C:\Users\Administrator\Documents\20-Firmware\emphi\work\uiLbox.c
   wdButtonsTaskFunctions   0x00292a    program     extern C:\Users\Administrator\Documents\20-Firmware\emphi\work\uiLbox.c
             wdSetIdState   0x0002ec    program     extern C:\Users\Administrator\Documents\20-Firmware\emphi\work\uiLbox.c
                 wdUpdate   0x00033e    program     extern C:\Users\Administrator\Documents\20-Firmware\emphi\work\uiLbox.c
               zero_block   0x002978    program     static E:\MPASM_MPLINK_PIC18_LT_Branch_3_42\pic18-lt\cxx-framework\src\traditional\proc\p18f45k22.asm
                   ADCON0   0x000fc2       data     extern E:\MPASM_MPLINK_PIC18_LT_Branch_3_42\pic18-lt\cxx-framework\src\traditional\proc\p18f45k22.asm
               ADCON0bits   0x000fc2       data     extern E:\MPASM_MPLINK_PIC18_LT_Branch_3_42\pic18-lt\cxx-framework\src\traditional\proc\p18f45k22.asm
                   ADCON1   0x000fc1       data     extern E:\MPASM_MPLINK_PIC18_LT_Branch_3_42\pic18-lt\cxx-framework\src\traditional\proc\p18f45k22.asm
               ADCON1bits   0x000fc1       data     extern E:\MPASM_MPLINK_PIC18_LT_Branch_3_42\pic18-lt\cxx-framework\src\traditional\proc\p18f45k22.asm
                   ADCON2   0x000fc0       data     extern E:\MPASM_MPLINK_PIC18_LT_Branch_3_42\pic18-lt\cxx-framework\src\traditional\proc\p18f45k22.asm
               ADCON2bits   0x000fc0       data     extern E:\MPASM_MPLINK_PIC18_LT_Branch_3_42\pic18-lt\cxx-framework\src\traditional\proc\p18f45k22.asm
                    ADRES   0x000fc3       data     extern E:\MPASM_MPLINK_PIC18_LT_Branch_3_42\pic18-lt\cxx-framework\src\traditional\proc\p18f45k22.asm
                   ADRESH   0x000fc4       data     extern E:\MPASM_MPLINK_PIC18_LT_Branch_3_42\pic18-lt\cxx-framework\src\traditional\proc\p18f45k22.asm
                   ADRESL   0x000fc3       data     extern E:\MPASM_MPLINK_PIC18_LT_Branch_3_42\pic18-lt\cxx-framework\src\traditional\proc\p18f45k22.asm
                   ANSELA   0x000f38       data     extern E:\MPASM_MPLINK_PIC18_LT_Branch_3_42\pic18-lt\cxx-framework\src\traditional\proc\p18f45k22.asm
               ANSELAbits   0x000f38       data     extern E:\MPASM_MPLINK_PIC18_LT_Branch_3_42\pic18-lt\cxx-framework\src\traditional\proc\p18f45k22.asm
                   ANSELB   0x000f39       data     extern E:\MPASM_MPLINK_PIC18_LT_Branch_3_42\pic18-lt\cxx-framework\src\traditional\proc\p18f45k22.asm
               ANSELBbits   0x000f39       data     extern E:\MPASM_MPLINK_PIC18_LT_Branch_3_42\pic18-lt\cxx-framework\src\traditional\proc\p18f45k22.asm
                   ANSELC   0x000f3a       data     extern E:\MPASM_MPLINK_PIC18_LT_Branch_3_42\pic18-lt\cxx-framework\src\traditional\proc\p18f45k22.asm
               ANSELCbits   0x000f3a       data     extern E:\MPASM_MPLINK_PIC18_LT_Branch_3_42\pic18-lt\cxx-framework\src\traditional\proc\p18f45k22.asm
                   ANSELD   0x000f3b       data     extern E:\MPASM_MPLINK_PIC18_LT_Branch_3_42\pic18-lt\cxx-framework\src\traditional\proc\p18f45k22.asm
               ANSELDbits   0x000f3b       data     extern E:\MPASM_MPLINK_PIC18_LT_Branch_3_42\pic18-lt\cxx-framework\src\traditional\proc\p18f45k22.asm
                   ANSELE   0x000f3c       data     extern E:\MPASM_MPLINK_PIC18_LT_Branch_3_42\pic18-lt\cxx-framework\src\traditional\proc\p18f45k22.asm
               ANSELEbits   0x000f3c       data     extern E:\MPASM_MPLINK_PIC18_LT_Branch_3_42\pic18-lt\cxx-framework\src\traditional\proc\p18f45k22.asm
                 BAUD1CON   0x000fb8       data     extern E:\MPASM_MPLINK_PIC18_LT_Branch_3_42\pic18-lt\cxx-framework\src\traditional\proc\p18f45k22.asm
             BAUD1CONbits   0x000fb8       data     extern E:\MPASM_MPLINK_PIC18_LT_Branch_3_42\pic18-lt\cxx-framework\src\traditional\proc\p18f45k22.asm
                 BAUD2CON   0x000f70       data     extern E:\MPASM_MPLINK_PIC18_LT_Branch_3_42\pic18-lt\cxx-framework\src\traditional\proc\p18f45k22.asm
             BAUD2CONbits   0x000f70       data     extern E:\MPASM_MPLINK_PIC18_LT_Branch_3_42\pic18-lt\cxx-framework\src\traditional\proc\p18f45k22.asm
                  BAUDCON   0x000fb8       data     extern E:\MPASM_MPLINK_PIC18_LT_Branch_3_42\pic18-lt\cxx-framework\src\traditional\proc\p18f45k22.asm
                 BAUDCON1   0x000fb8       data     extern E:\MPASM_MPLINK_PIC18_LT_Branch_3_42\pic18-lt\cxx-framework\src\traditional\proc\p18f45k22.asm
             BAUDCON1bits   0x000fb8       data     extern E:\MPASM_MPLINK_PIC18_LT_Branch_3_42\pic18-lt\cxx-framework\src\traditional\proc\p18f45k22.asm
                 BAUDCON2   0x000f70       data     extern E:\MPASM_MPLINK_PIC18_LT_Branch_3_42\pic18-lt\cxx-framework\src\traditional\proc\p18f45k22.asm
             BAUDCON2bits   0x000f70       data     extern E:\MPASM_MPLINK_PIC18_LT_Branch_3_42\pic18-lt\cxx-framework\src\traditional\proc\p18f45k22.asm
              BAUDCONbits   0x000fb8       data     extern E:\MPASM_MPLINK_PIC18_LT_Branch_3_42\pic18-lt\cxx-framework\src\traditional\proc\p18f45k22.asm
                  BAUDCTL   0x000fb8       data     extern E:\MPASM_MPLINK_PIC18_LT_Branch_3_42\pic18-lt\cxx-framework\src\traditional\proc\p18f45k22.asm
              BAUDCTLbits   0x000fb8       data     extern E:\MPASM_MPLINK_PIC18_LT_Branch_3_42\pic18-lt\cxx-framework\src\traditional\proc\p18f45k22.asm
                      BSR   0x000fe0       data     extern E:\MPASM_MPLINK_PIC18_LT_Branch_3_42\pic18-lt\cxx-framework\src\traditional\proc\p18f45k22.asm
                  Buttons   0x000076       data     extern C:\Users\Administrator\Documents\20-Firmware\emphi\work\rs2ButtonsGlo.h
       ButtonsEventMatrix   0x0000b7       data     extern C:\Users\Administrator\Documents\20-Firmware\emphi\work\Event.c
                  CCP1CON   0x000fbd       data     extern E:\MPASM_MPLINK_PIC18_LT_Branch_3_42\pic18-lt\cxx-framework\src\traditional\proc\p18f45k22.asm
              CCP1CONbits   0x000fbd       data     extern E:\MPASM_MPLINK_PIC18_LT_Branch_3_42\pic18-lt\cxx-framework\src\traditional\proc\p18f45k22.asm
                   CCP2AS   0x000f64       data     extern E:\MPASM_MPLINK_PIC18_LT_Branch_3_42\pic18-lt\cxx-framework\src\traditional\proc\p18f45k22.asm
               CCP2ASbits   0x000f64       data     extern E:\MPASM_MPLINK_PIC18_LT_Branch_3_42\pic18-lt\cxx-framework\src\traditional\proc\p18f45k22.asm
                  CCP2CON   0x000f66       data     extern E:\MPASM_MPLINK_PIC18_LT_Branch_3_42\pic18-lt\cxx-framework\src\traditional\proc\p18f45k22.asm
              CCP2CONbits   0x000f66       data     extern E:\MPASM_MPLINK_PIC18_LT_Branch_3_42\pic18-lt\cxx-framework\src\traditional\proc\p18f45k22.asm
                   CCP3AS   0x000f5b       data     extern E:\MPASM_MPLINK_PIC18_LT_Branch_3_42\pic18-lt\cxx-framework\src\traditional\proc\p18f45k22.asm
               CCP3ASbits   0x000f5b       data     extern E:\MPASM_MPLINK_PIC18_LT_Branch_3_42\pic18-lt\cxx-framework\src\traditional\proc\p18f45k22.asm
                  CCP3CON   0x000f5d       data     extern E:\MPASM_MPLINK_PIC18_LT_Branch_3_42\pic18-lt\cxx-framework\src\traditional\proc\p18f45k22.asm
              CCP3CONbits   0x000f5d       data     extern E:\MPASM_MPLINK_PIC18_LT_Branch_3_42\pic18-lt\cxx-framework\src\traditional\proc\p18f45k22.asm
                  CCP4CON   0x000f57       data     extern E:\MPASM_MPLINK_PIC18_LT_Branch_3_42\pic18-lt\cxx-framework\src\traditional\proc\p18f45k22.asm
              CCP4CONbits   0x000f57       data     extern E:\MPASM_MPLINK_PIC18_LT_Branch_3_42\pic18-lt\cxx-framework\src\traditional\proc\p18f45k22.asm
                  CCP5CON   0x000f54       data     extern E:\MPASM_MPLINK_PIC18_LT_Branch_3_42\pic18-lt\cxx-framework\src\traditional\proc\p18f45k22.asm
              CCP5CONbits   0x000f54       data     extern E:\MPASM_MPLINK_PIC18_LT_Branch_3_42\pic18-lt\cxx-framework\src\traditional\proc\p18f45k22.asm
                    CCPR1   0x000fbe       data     extern E:\MPASM_MPLINK_PIC18_LT_Branch_3_42\pic18-lt\cxx-framework\src\traditional\proc\p18f45k22.asm
                   CCPR1H   0x000fbf       data     extern E:\MPASM_MPLINK_PIC18_LT_Branch_3_42\pic18-lt\cxx-framework\src\traditional\proc\p18f45k22.asm
                   CCPR1L   0x000fbe       data     extern E:\MPASM_MPLINK_PIC18_LT_Branch_3_42\pic18-lt\cxx-framework\src\traditional\proc\p18f45k22.asm
                    CCPR2   0x000f67       data     extern E:\MPASM_MPLINK_PIC18_LT_Branch_3_42\pic18-lt\cxx-framework\src\traditional\proc\p18f45k22.asm
                   CCPR2H   0x000f68       data     extern E:\MPASM_MPLINK_PIC18_LT_Branch_3_42\pic18-lt\cxx-framework\src\traditional\proc\p18f45k22.asm
                   CCPR2L   0x000f67       data     extern E:\MPASM_MPLINK_PIC18_LT_Branch_3_42\pic18-lt\cxx-framework\src\traditional\proc\p18f45k22.asm
                    CCPR3   0x000f5e       data     extern E:\MPASM_MPLINK_PIC18_LT_Branch_3_42\pic18-lt\cxx-framework\src\traditional\proc\p18f45k22.asm
                   CCPR3H   0x000f5f       data     extern E:\MPASM_MPLINK_PIC18_LT_Branch_3_42\pic18-lt\cxx-framework\src\traditional\proc\p18f45k22.asm
                   CCPR3L   0x000f5e       data     extern E:\MPASM_MPLINK_PIC18_LT_Branch_3_42\pic18-lt\cxx-framework\src\traditional\proc\p18f45k22.asm
                    CCPR4   0x000f58       data     extern E:\MPASM_MPLINK_PIC18_LT_Branch_3_42\pic18-lt\cxx-framework\src\traditional\proc\p18f45k22.asm
                   CCPR4H   0x000f59       data     extern E:\MPASM_MPLINK_PIC18_LT_Branch_3_42\pic18-lt\cxx-framework\src\traditional\proc\p18f45k22.asm
                   CCPR4L   0x000f58       data     extern E:\MPASM_MPLINK_PIC18_LT_Branch_3_42\pic18-lt\cxx-framework\src\traditional\proc\p18f45k22.asm
                    CCPR5   0x000f55       data     extern E:\MPASM_MPLINK_PIC18_LT_Branch_3_42\pic18-lt\cxx-framework\src\traditional\proc\p18f45k22.asm
                   CCPR5H   0x000f56       data     extern E:\MPASM_MPLINK_PIC18_LT_Branch_3_42\pic18-lt\cxx-framework\src\traditional\proc\p18f45k22.asm
                   CCPR5L   0x000f55       data     extern E:\MPASM_MPLINK_PIC18_LT_Branch_3_42\pic18-lt\cxx-framework\src\traditional\proc\p18f45k22.asm
                 CCPTMRS0   0x000f49       data     extern E:\MPASM_MPLINK_PIC18_LT_Branch_3_42\pic18-lt\cxx-framework\src\traditional\proc\p18f45k22.asm
             CCPTMRS0bits   0x000f49       data     extern E:\MPASM_MPLINK_PIC18_LT_Branch_3_42\pic18-lt\cxx-framework\src\traditional\proc\p18f45k22.asm
                 CCPTMRS1   0x000f48       data     extern E:\MPASM_MPLINK_PIC18_LT_Branch_3_42\pic18-lt\cxx-framework\src\traditional\proc\p18f45k22.asm
             CCPTMRS1bits   0x000f48       data     extern E:\MPASM_MPLINK_PIC18_LT_Branch_3_42\pic18-lt\cxx-framework\src\traditional\proc\p18f45k22.asm
                  CM12CON   0x000f77       data     extern E:\MPASM_MPLINK_PIC18_LT_Branch_3_42\pic18-lt\cxx-framework\src\traditional\proc\p18f45k22.asm
              CM12CONbits   0x000f77       data     extern E:\MPASM_MPLINK_PIC18_LT_Branch_3_42\pic18-lt\cxx-framework\src\traditional\proc\p18f45k22.asm
                   CM1CON   0x000f79       data     extern E:\MPASM_MPLINK_PIC18_LT_Branch_3_42\pic18-lt\cxx-framework\src\traditional\proc\p18f45k22.asm
                  CM1CON0   0x000f79       data     extern E:\MPASM_MPLINK_PIC18_LT_Branch_3_42\pic18-lt\cxx-framework\src\traditional\proc\p18f45k22.asm
              CM1CON0bits   0x000f79       data     extern E:\MPASM_MPLINK_PIC18_LT_Branch_3_42\pic18-lt\cxx-framework\src\traditional\proc\p18f45k22.asm
               CM1CONbits   0x000f79       data     extern E:\MPASM_MPLINK_PIC18_LT_Branch_3_42\pic18-lt\cxx-framework\src\traditional\proc\p18f45k22.asm
                   CM2CON   0x000f78       data     extern E:\MPASM_MPLINK_PIC18_LT_Branch_3_42\pic18-lt\cxx-framework\src\traditional\proc\p18f45k22.asm
                  CM2CON0   0x000f78       data     extern E:\MPASM_MPLINK_PIC18_LT_Branch_3_42\pic18-lt\cxx-framework\src\traditional\proc\p18f45k22.asm
              CM2CON0bits   0x000f78       data     extern E:\MPASM_MPLINK_PIC18_LT_Branch_3_42\pic18-lt\cxx-framework\src\traditional\proc\p18f45k22.asm
                  CM2CON1   0x000f77       data     extern E:\MPASM_MPLINK_PIC18_LT_Branch_3_42\pic18-lt\cxx-framework\src\traditional\proc\p18f45k22.asm
              CM2CON1bits   0x000f77       data     extern E:\MPASM_MPLINK_PIC18_LT_Branch_3_42\pic18-lt\cxx-framework\src\traditional\proc\p18f45k22.asm
               CM2CONbits   0x000f78       data     extern E:\MPASM_MPLINK_PIC18_LT_Branch_3_42\pic18-lt\cxx-framework\src\traditional\proc\p18f45k22.asm
                 CTMUCON0   0x000f45       data     extern E:\MPASM_MPLINK_PIC18_LT_Branch_3_42\pic18-lt\cxx-framework\src\traditional\proc\p18f45k22.asm
             CTMUCON0bits   0x000f45       data     extern E:\MPASM_MPLINK_PIC18_LT_Branch_3_42\pic18-lt\cxx-framework\src\traditional\proc\p18f45k22.asm
                 CTMUCON1   0x000f44       data     extern E:\MPASM_MPLINK_PIC18_LT_Branch_3_42\pic18-lt\cxx-framework\src\traditional\proc\p18f45k22.asm
             CTMUCON1bits   0x000f44       data     extern E:\MPASM_MPLINK_PIC18_LT_Branch_3_42\pic18-lt\cxx-framework\src\traditional\proc\p18f45k22.asm
                 CTMUCONH   0x000f45       data     extern E:\MPASM_MPLINK_PIC18_LT_Branch_3_42\pic18-lt\cxx-framework\src\traditional\proc\p18f45k22.asm
             CTMUCONHbits   0x000f45       data     extern E:\MPASM_MPLINK_PIC18_LT_Branch_3_42\pic18-lt\cxx-framework\src\traditional\proc\p18f45k22.asm
                 CTMUCONL   0x000f44       data     extern E:\MPASM_MPLINK_PIC18_LT_Branch_3_42\pic18-lt\cxx-framework\src\traditional\proc\p18f45k22.asm
             CTMUCONLbits   0x000f44       data     extern E:\MPASM_MPLINK_PIC18_LT_Branch_3_42\pic18-lt\cxx-framework\src\traditional\proc\p18f45k22.asm
                 CTMUICON   0x000f43       data     extern E:\MPASM_MPLINK_PIC18_LT_Branch_3_42\pic18-lt\cxx-framework\src\traditional\proc\p18f45k22.asm
                CTMUICONH   0x000f43       data     extern E:\MPASM_MPLINK_PIC18_LT_Branch_3_42\pic18-lt\cxx-framework\src\traditional\proc\p18f45k22.asm
            CTMUICONHbits   0x000f43       data     extern E:\MPASM_MPLINK_PIC18_LT_Branch_3_42\pic18-lt\cxx-framework\src\traditional\proc\p18f45k22.asm
             CTMUICONbits   0x000f43       data     extern E:\MPASM_MPLINK_PIC18_LT_Branch_3_42\pic18-lt\cxx-framework\src\traditional\proc\p18f45k22.asm
                  Counter   0x0000c6       data     extern C:\Users\Administrator\Documents\20-Firmware\emphi\work\Test.c
                  DACCON0   0x000f41       data     extern E:\MPASM_MPLINK_PIC18_LT_Branch_3_42\pic18-lt\cxx-framework\src\traditional\proc\p18f45k22.asm
              DACCON0bits   0x000f41       data     extern E:\MPASM_MPLINK_PIC18_LT_Branch_3_42\pic18-lt\cxx-framework\src\traditional\proc\p18f45k22.asm
                  DACCON1   0x000f40       data     extern E:\MPASM_MPLINK_PIC18_LT_Branch_3_42\pic18-lt\cxx-framework\src\traditional\proc\p18f45k22.asm
              DACCON1bits   0x000f40       data     extern E:\MPASM_MPLINK_PIC18_LT_Branch_3_42\pic18-lt\cxx-framework\src\traditional\proc\p18f45k22.asm
                     DDRA   0x000f92       data     extern E:\MPASM_MPLINK_PIC18_LT_Branch_3_42\pic18-lt\cxx-framework\src\traditional\proc\p18f45k22.asm
                 DDRAbits   0x000f92       data     extern E:\MPASM_MPLINK_PIC18_LT_Branch_3_42\pic18-lt\cxx-framework\src\traditional\proc\p18f45k22.asm
                     DDRB   0x000f93       data     extern E:\MPASM_MPLINK_PIC18_LT_Branch_3_42\pic18-lt\cxx-framework\src\traditional\proc\p18f45k22.asm
                 DDRBbits   0x000f93       data     extern E:\MPASM_MPLINK_PIC18_LT_Branch_3_42\pic18-lt\cxx-framework\src\traditional\proc\p18f45k22.asm
                     DDRC   0x000f94       data     extern E:\MPASM_MPLINK_PIC18_LT_Branch_3_42\pic18-lt\cxx-framework\src\traditional\proc\p18f45k22.asm
                 DDRCbits   0x000f94       data     extern E:\MPASM_MPLINK_PIC18_LT_Branch_3_42\pic18-lt\cxx-framework\src\traditional\proc\p18f45k22.asm
                     DDRD   0x000f95       data     extern E:\MPASM_MPLINK_PIC18_LT_Branch_3_42\pic18-lt\cxx-framework\src\traditional\proc\p18f45k22.asm
                 DDRDbits   0x000f95       data     extern E:\MPASM_MPLINK_PIC18_LT_Branch_3_42\pic18-lt\cxx-framework\src\traditional\proc\p18f45k22.asm
                     DDRE   0x000f96       data     extern E:\MPASM_MPLINK_PIC18_LT_Branch_3_42\pic18-lt\cxx-framework\src\traditional\proc\p18f45k22.asm
                 DDREbits   0x000f96       data     extern E:\MPASM_MPLINK_PIC18_LT_Branch_3_42\pic18-lt\cxx-framework\src\traditional\proc\p18f45k22.asm
                    Delta   0x0000a9       data     extern C:\Users\Administrator\Documents\20-Firmware\emphi\work\fnThermostatGlo.h
                  ECCP1AS   0x000fb6       data     extern E:\MPASM_MPLINK_PIC18_LT_Branch_3_42\pic18-lt\cxx-framework\src\traditional\proc\p18f45k22.asm
              ECCP1ASbits   0x000fb6       data     extern E:\MPASM_MPLINK_PIC18_LT_Branch_3_42\pic18-lt\cxx-framework\src\traditional\proc\p18f45k22.asm
                  ECCP2AS   0x000f64       data     extern E:\MPASM_MPLINK_PIC18_LT_Branch_3_42\pic18-lt\cxx-framework\src\traditional\proc\p18f45k22.asm
              ECCP2ASbits   0x000f64       data     extern E:\MPASM_MPLINK_PIC18_LT_Branch_3_42\pic18-lt\cxx-framework\src\traditional\proc\p18f45k22.asm
                  ECCP3AS   0x000f5b       data     extern E:\MPASM_MPLINK_PIC18_LT_Branch_3_42\pic18-lt\cxx-framework\src\traditional\proc\p18f45k22.asm
              ECCP3ASbits   0x000f5b       data     extern E:\MPASM_MPLINK_PIC18_LT_Branch_3_42\pic18-lt\cxx-framework\src\traditional\proc\p18f45k22.asm
                   ECCPAS   0x000fb6       data     extern E:\MPASM_MPLINK_PIC18_LT_Branch_3_42\pic18-lt\cxx-framework\src\traditional\proc\p18f45k22.asm
               ECCPASbits   0x000fb6       data     extern E:\MPASM_MPLINK_PIC18_LT_Branch_3_42\pic18-lt\cxx-framework\src\traditional\proc\p18f45k22.asm
                    EEADR   0x000fa9       data     extern E:\MPASM_MPLINK_PIC18_LT_Branch_3_42\pic18-lt\cxx-framework\src\traditional\proc\p18f45k22.asm
                EEADRbits   0x000fa9       data     extern E:\MPASM_MPLINK_PIC18_LT_Branch_3_42\pic18-lt\cxx-framework\src\traditional\proc\p18f45k22.asm
                   EECON1   0x000fa6       data     extern E:\MPASM_MPLINK_PIC18_LT_Branch_3_42\pic18-lt\cxx-framework\src\traditional\proc\p18f45k22.asm
               EECON1bits   0x000fa6       data     extern E:\MPASM_MPLINK_PIC18_LT_Branch_3_42\pic18-lt\cxx-framework\src\traditional\proc\p18f45k22.asm
                   EECON2   0x000fa7       data     extern E:\MPASM_MPLINK_PIC18_LT_Branch_3_42\pic18-lt\cxx-framework\src\traditional\proc\p18f45k22.asm
                   EEDATA   0x000fa8       data     extern E:\MPASM_MPLINK_PIC18_LT_Branch_3_42\pic18-lt\cxx-framework\src\traditional\proc\p18f45k22.asm
         EventTimerMatrix   0x0000b5       data     extern C:\Users\Administrator\Documents\20-Firmware\emphi\work\Event.c
                     FSR0   0x000fe9       data     extern E:\MPASM_MPLINK_PIC18_LT_Branch_3_42\pic18-lt\cxx-framework\src\traditional\proc\p18f45k22.asm
                    FSR0H   0x000fea       data     extern E:\MPASM_MPLINK_PIC18_LT_Branch_3_42\pic18-lt\cxx-framework\src\traditional\proc\p18f45k22.asm
                    FSR0L   0x000fe9       data     extern E:\MPASM_MPLINK_PIC18_LT_Branch_3_42\pic18-lt\cxx-framework\src\traditional\proc\p18f45k22.asm
                     FSR1   0x000fe1       data     extern E:\MPASM_MPLINK_PIC18_LT_Branch_3_42\pic18-lt\cxx-framework\src\traditional\proc\p18f45k22.asm
                    FSR1H   0x000fe2       data     extern E:\MPASM_MPLINK_PIC18_LT_Branch_3_42\pic18-lt\cxx-framework\src\traditional\proc\p18f45k22.asm
                    FSR1L   0x000fe1       data     extern E:\MPASM_MPLINK_PIC18_LT_Branch_3_42\pic18-lt\cxx-framework\src\traditional\proc\p18f45k22.asm
                     FSR2   0x000fd9       data     extern E:\MPASM_MPLINK_PIC18_LT_Branch_3_42\pic18-lt\cxx-framework\src\traditional\proc\p18f45k22.asm
                    FSR2H   0x000fda       data     extern E:\MPASM_MPLINK_PIC18_LT_Branch_3_42\pic18-lt\cxx-framework\src\traditional\proc\p18f45k22.asm
                    FSR2L   0x000fd9       data     extern E:\MPASM_MPLINK_PIC18_LT_Branch_3_42\pic18-lt\cxx-framework\src\traditional\proc\p18f45k22.asm
                   FVRCON   0x000f42       data     extern E:\MPASM_MPLINK_PIC18_LT_Branch_3_42\pic18-lt\cxx-framework\src\traditional\proc\p18f45k22.asm
               FVRCONbits   0x000f42       data     extern E:\MPASM_MPLINK_PIC18_LT_Branch_3_42\pic18-lt\cxx-framework\src\traditional\proc\p18f45k22.asm
                     Flag   0x0000c5       data     extern C:\Users\Administrator\Documents\20-Firmware\emphi\work\Test.c
                  HLVDCON   0x000f9c       data     extern E:\MPASM_MPLINK_PIC18_LT_Branch_3_42\pic18-lt\cxx-framework\src\traditional\proc\p18f45k22.asm
              HLVDCONbits   0x000f9c       data     extern E:\MPASM_MPLINK_PIC18_LT_Branch_3_42\pic18-lt\cxx-framework\src\traditional\proc\p18f45k22.asm
                    INDF0   0x000fef       data     extern E:\MPASM_MPLINK_PIC18_LT_Branch_3_42\pic18-lt\cxx-framework\src\traditional\proc\p18f45k22.asm
                    INDF1   0x000fe7       data     extern E:\MPASM_MPLINK_PIC18_LT_Branch_3_42\pic18-lt\cxx-framework\src\traditional\proc\p18f45k22.asm
                    INDF2   0x000fdf       data     extern E:\MPASM_MPLINK_PIC18_LT_Branch_3_42\pic18-lt\cxx-framework\src\traditional\proc\p18f45k22.asm
                   INTCON   0x000ff2       data     extern E:\MPASM_MPLINK_PIC18_LT_Branch_3_42\pic18-lt\cxx-framework\src\traditional\proc\p18f45k22.asm
                  INTCON2   0x000ff1       data     extern E:\MPASM_MPLINK_PIC18_LT_Branch_3_42\pic18-lt\cxx-framework\src\traditional\proc\p18f45k22.asm
              INTCON2bits   0x000ff1       data     extern E:\MPASM_MPLINK_PIC18_LT_Branch_3_42\pic18-lt\cxx-framework\src\traditional\proc\p18f45k22.asm
                  INTCON3   0x000ff0       data     extern E:\MPASM_MPLINK_PIC18_LT_Branch_3_42\pic18-lt\cxx-framework\src\traditional\proc\p18f45k22.asm
              INTCON3bits   0x000ff0       data     extern E:\MPASM_MPLINK_PIC18_LT_Branch_3_42\pic18-lt\cxx-framework\src\traditional\proc\p18f45k22.asm
               INTCONbits   0x000ff2       data     extern E:\MPASM_MPLINK_PIC18_LT_Branch_3_42\pic18-lt\cxx-framework\src\traditional\proc\p18f45k22.asm
                     IOCB   0x000f62       data     extern E:\MPASM_MPLINK_PIC18_LT_Branch_3_42\pic18-lt\cxx-framework\src\traditional\proc\p18f45k22.asm
                 IOCBbits   0x000f62       data     extern E:\MPASM_MPLINK_PIC18_LT_Branch_3_42\pic18-lt\cxx-framework\src\traditional\proc\p18f45k22.asm
                     IPR1   0x000f9f       data     extern E:\MPASM_MPLINK_PIC18_LT_Branch_3_42\pic18-lt\cxx-framework\src\traditional\proc\p18f45k22.asm
                 IPR1bits   0x000f9f       data     extern E:\MPASM_MPLINK_PIC18_LT_Branch_3_42\pic18-lt\cxx-framework\src\traditional\proc\p18f45k22.asm
                     IPR2   0x000fa2       data     extern E:\MPASM_MPLINK_PIC18_LT_Branch_3_42\pic18-lt\cxx-framework\src\traditional\proc\p18f45k22.asm
                 IPR2bits   0x000fa2       data     extern E:\MPASM_MPLINK_PIC18_LT_Branch_3_42\pic18-lt\cxx-framework\src\traditional\proc\p18f45k22.asm
                     IPR3   0x000fa5       data     extern E:\MPASM_MPLINK_PIC18_LT_Branch_3_42\pic18-lt\cxx-framework\src\traditional\proc\p18f45k22.asm
                 IPR3bits   0x000fa5       data     extern E:\MPASM_MPLINK_PIC18_LT_Branch_3_42\pic18-lt\cxx-framework\src\traditional\proc\p18f45k22.asm
                     IPR4   0x000f7c       data     extern E:\MPASM_MPLINK_PIC18_LT_Branch_3_42\pic18-lt\cxx-framework\src\traditional\proc\p18f45k22.asm
                 IPR4bits   0x000f7c       data     extern E:\MPASM_MPLINK_PIC18_LT_Branch_3_42\pic18-lt\cxx-framework\src\traditional\proc\p18f45k22.asm
                     IPR5   0x000f7f       data     extern E:\MPASM_MPLINK_PIC18_LT_Branch_3_42\pic18-lt\cxx-framework\src\traditional\proc\p18f45k22.asm
                 IPR5bits   0x000f7f       data     extern E:\MPASM_MPLINK_PIC18_LT_Branch_3_42\pic18-lt\cxx-framework\src\traditional\proc\p18f45k22.asm
                     LATA   0x000f89       data     extern E:\MPASM_MPLINK_PIC18_LT_Branch_3_42\pic18-lt\cxx-framework\src\traditional\proc\p18f45k22.asm
                 LATAbits   0x000f89       data     extern E:\MPASM_MPLINK_PIC18_LT_Branch_3_42\pic18-lt\cxx-framework\src\traditional\proc\p18f45k22.asm
                     LATB   0x000f8a       data     extern E:\MPASM_MPLINK_PIC18_LT_Branch_3_42\pic18-lt\cxx-framework\src\traditional\proc\p18f45k22.asm
                 LATBbits   0x000f8a       data     extern E:\MPASM_MPLINK_PIC18_LT_Branch_3_42\pic18-lt\cxx-framework\src\traditional\proc\p18f45k22.asm
                     LATC   0x000f8b       data     extern E:\MPASM_MPLINK_PIC18_LT_Branch_3_42\pic18-lt\cxx-framework\src\traditional\proc\p18f45k22.asm
                 LATCbits   0x000f8b       data     extern E:\MPASM_MPLINK_PIC18_LT_Branch_3_42\pic18-lt\cxx-framework\src\traditional\proc\p18f45k22.asm
                     LATD   0x000f8c       data     extern E:\MPASM_MPLINK_PIC18_LT_Branch_3_42\pic18-lt\cxx-framework\src\traditional\proc\p18f45k22.asm
                 LATDbits   0x000f8c       data     extern E:\MPASM_MPLINK_PIC18_LT_Branch_3_42\pic18-lt\cxx-framework\src\traditional\proc\p18f45k22.asm
                     LATE   0x000f8d       data     extern E:\MPASM_MPLINK_PIC18_LT_Branch_3_42\pic18-lt\cxx-framework\src\traditional\proc\p18f45k22.asm
                 LATEbits   0x000f8d       data     extern E:\MPASM_MPLINK_PIC18_LT_Branch_3_42\pic18-lt\cxx-framework\src\traditional\proc\p18f45k22.asm
                   LVDCON   0x000f9c       data     extern E:\MPASM_MPLINK_PIC18_LT_Branch_3_42\pic18-lt\cxx-framework\src\traditional\proc\p18f45k22.asm
               LVDCONbits   0x000f9c       data     extern E:\MPASM_MPLINK_PIC18_LT_Branch_3_42\pic18-lt\cxx-framework\src\traditional\proc\p18f45k22.asm
                Lampeggio   0x0000b4       data     extern C:\Users\Administrator\Documents\20-Firmware\emphi\work\uiPar.c
                 Language   0x0000c7       data     extern C:\Users\Administrator\Documents\20-Firmware\emphi\work\uiGeneralGlo.h
                  LboxCol   0x00007c       data     extern C:\Users\Administrator\Documents\20-Firmware\emphi\work\uiLbox.c
             LboxFatherId   0x00007a       data     extern C:\Users\Administrator\Documents\20-Firmware\emphi\work\uiLbox.c
        LboxListElementId   0x00007d       data     extern C:\Users\Administrator\Documents\20-Firmware\emphi\work\uiLbox.c
                  LboxRow   0x00007b       data     extern C:\Users\Administrator\Documents\20-Firmware\emphi\work\uiLbox.c
             LboxWindowId   0x00007e       data     extern C:\Users\Administrator\Documents\20-Firmware\emphi\work\uiLbox.c
                   OSCCON   0x000fd3       data     extern E:\MPASM_MPLINK_PIC18_LT_Branch_3_42\pic18-lt\cxx-framework\src\traditional\proc\p18f45k22.asm
                  OSCCON2   0x000fd2       data     extern E:\MPASM_MPLINK_PIC18_LT_Branch_3_42\pic18-lt\cxx-framework\src\traditional\proc\p18f45k22.asm
              OSCCON2bits   0x000fd2       data     extern E:\MPASM_MPLINK_PIC18_LT_Branch_3_42\pic18-lt\cxx-framework\src\traditional\proc\p18f45k22.asm
               OSCCONbits   0x000fd3       data     extern E:\MPASM_MPLINK_PIC18_LT_Branch_3_42\pic18-lt\cxx-framework\src\traditional\proc\p18f45k22.asm
                  OSCTUNE   0x000f9b       data     extern E:\MPASM_MPLINK_PIC18_LT_Branch_3_42\pic18-lt\cxx-framework\src\traditional\proc\p18f45k22.asm
              OSCTUNEbits   0x000f9b       data     extern E:\MPASM_MPLINK_PIC18_LT_Branch_3_42\pic18-lt\cxx-framework\src\traditional\proc\p18f45k22.asm
                       PC   0x000ff9       data     extern E:\MPASM_MPLINK_PIC18_LT_Branch_3_42\pic18-lt\cxx-framework\src\traditional\proc\p18f45k22.asm
                      PCL   0x000ff9       data     extern E:\MPASM_MPLINK_PIC18_LT_Branch_3_42\pic18-lt\cxx-framework\src\traditional\proc\p18f45k22.asm
                   PCLATH   0x000ffa       data     extern E:\MPASM_MPLINK_PIC18_LT_Branch_3_42\pic18-lt\cxx-framework\src\traditional\proc\p18f45k22.asm
                   PCLATU   0x000ffb       data     extern E:\MPASM_MPLINK_PIC18_LT_Branch_3_42\pic18-lt\cxx-framework\src\traditional\proc\p18f45k22.asm
                     PIE1   0x000f9d       data     extern E:\MPASM_MPLINK_PIC18_LT_Branch_3_42\pic18-lt\cxx-framework\src\traditional\proc\p18f45k22.asm
                 PIE1bits   0x000f9d       data     extern E:\MPASM_MPLINK_PIC18_LT_Branch_3_42\pic18-lt\cxx-framework\src\traditional\proc\p18f45k22.asm
                     PIE2   0x000fa0       data     extern E:\MPASM_MPLINK_PIC18_LT_Branch_3_42\pic18-lt\cxx-framework\src\traditional\proc\p18f45k22.asm
                 PIE2bits   0x000fa0       data     extern E:\MPASM_MPLINK_PIC18_LT_Branch_3_42\pic18-lt\cxx-framework\src\traditional\proc\p18f45k22.asm
                     PIE3   0x000fa3       data     extern E:\MPASM_MPLINK_PIC18_LT_Branch_3_42\pic18-lt\cxx-framework\src\traditional\proc\p18f45k22.asm
                 PIE3bits   0x000fa3       data     extern E:\MPASM_MPLINK_PIC18_LT_Branch_3_42\pic18-lt\cxx-framework\src\traditional\proc\p18f45k22.asm
                     PIE4   0x000f7a       data     extern E:\MPASM_MPLINK_PIC18_LT_Branch_3_42\pic18-lt\cxx-framework\src\traditional\proc\p18f45k22.asm
                 PIE4bits   0x000f7a       data     extern E:\MPASM_MPLINK_PIC18_LT_Branch_3_42\pic18-lt\cxx-framework\src\traditional\proc\p18f45k22.asm
                     PIE5   0x000f7d       data     extern E:\MPASM_MPLINK_PIC18_LT_Branch_3_42\pic18-lt\cxx-framework\src\traditional\proc\p18f45k22.asm
                 PIE5bits   0x000f7d       data     extern E:\MPASM_MPLINK_PIC18_LT_Branch_3_42\pic18-lt\cxx-framework\src\traditional\proc\p18f45k22.asm
                     PIR1   0x000f9e       data     extern E:\MPASM_MPLINK_PIC18_LT_Branch_3_42\pic18-lt\cxx-framework\src\traditional\proc\p18f45k22.asm
                 PIR1bits   0x000f9e       data     extern E:\MPASM_MPLINK_PIC18_LT_Branch_3_42\pic18-lt\cxx-framework\src\traditional\proc\p18f45k22.asm
                     PIR2   0x000fa1       data     extern E:\MPASM_MPLINK_PIC18_LT_Branch_3_42\pic18-lt\cxx-framework\src\traditional\proc\p18f45k22.asm
                 PIR2bits   0x000fa1       data     extern E:\MPASM_MPLINK_PIC18_LT_Branch_3_42\pic18-lt\cxx-framework\src\traditional\proc\p18f45k22.asm
                     PIR3   0x000fa4       data     extern E:\MPASM_MPLINK_PIC18_LT_Branch_3_42\pic18-lt\cxx-framework\src\traditional\proc\p18f45k22.asm
                 PIR3bits   0x000fa4       data     extern E:\MPASM_MPLINK_PIC18_LT_Branch_3_42\pic18-lt\cxx-framework\src\traditional\proc\p18f45k22.asm
                     PIR4   0x000f7b       data     extern E:\MPASM_MPLINK_PIC18_LT_Branch_3_42\pic18-lt\cxx-framework\src\traditional\proc\p18f45k22.asm
                 PIR4bits   0x000f7b       data     extern E:\MPASM_MPLINK_PIC18_LT_Branch_3_42\pic18-lt\cxx-framework\src\traditional\proc\p18f45k22.asm
                     PIR5   0x000f7e       data     extern E:\MPASM_MPLINK_PIC18_LT_Branch_3_42\pic18-lt\cxx-framework\src\traditional\proc\p18f45k22.asm
                 PIR5bits   0x000f7e       data     extern E:\MPASM_MPLINK_PIC18_LT_Branch_3_42\pic18-lt\cxx-framework\src\traditional\proc\p18f45k22.asm
                   PLUSW0   0x000feb       data     extern E:\MPASM_MPLINK_PIC18_LT_Branch_3_42\pic18-lt\cxx-framework\src\traditional\proc\p18f45k22.asm
                   PLUSW1   0x000fe3       data     extern E:\MPASM_MPLINK_PIC18_LT_Branch_3_42\pic18-lt\cxx-framework\src\traditional\proc\p18f45k22.asm
                   PLUSW2   0x000fdb       data     extern E:\MPASM_MPLINK_PIC18_LT_Branch_3_42\pic18-lt\cxx-framework\src\traditional\proc\p18f45k22.asm
                     PMD0   0x000f3f       data     extern E:\MPASM_MPLINK_PIC18_LT_Branch_3_42\pic18-lt\cxx-framework\src\traditional\proc\p18f45k22.asm
                 PMD0bits   0x000f3f       data     extern E:\MPASM_MPLINK_PIC18_LT_Branch_3_42\pic18-lt\cxx-framework\src\traditional\proc\p18f45k22.asm
                     PMD1   0x000f3e       data     extern E:\MPASM_MPLINK_PIC18_LT_Branch_3_42\pic18-lt\cxx-framework\src\traditional\proc\p18f45k22.asm
                 PMD1bits   0x000f3e       data     extern E:\MPASM_MPLINK_PIC18_LT_Branch_3_42\pic18-lt\cxx-framework\src\traditional\proc\p18f45k22.asm
                     PMD2   0x000f3d       data     extern E:\MPASM_MPLINK_PIC18_LT_Branch_3_42\pic18-lt\cxx-framework\src\traditional\proc\p18f45k22.asm
                 PMD2bits   0x000f3d       data     extern E:\MPASM_MPLINK_PIC18_LT_Branch_3_42\pic18-lt\cxx-framework\src\traditional\proc\p18f45k22.asm
                    PORTA   0x000f80       data     extern E:\MPASM_MPLINK_PIC18_LT_Branch_3_42\pic18-lt\cxx-framework\src\traditional\proc\p18f45k22.asm
                PORTAbits   0x000f80       data     extern E:\MPASM_MPLINK_PIC18_LT_Branch_3_42\pic18-lt\cxx-framework\src\traditional\proc\p18f45k22.asm
                    PORTB   0x000f81       data     extern E:\MPASM_MPLINK_PIC18_LT_Branch_3_42\pic18-lt\cxx-framework\src\traditional\proc\p18f45k22.asm
                PORTBbits   0x000f81       data     extern E:\MPASM_MPLINK_PIC18_LT_Branch_3_42\pic18-lt\cxx-framework\src\traditional\proc\p18f45k22.asm
                    PORTC   0x000f82       data     extern E:\MPASM_MPLINK_PIC18_LT_Branch_3_42\pic18-lt\cxx-framework\src\traditional\proc\p18f45k22.asm
                PORTCbits   0x000f82       data     extern E:\MPASM_MPLINK_PIC18_LT_Branch_3_42\pic18-lt\cxx-framework\src\traditional\proc\p18f45k22.asm
                    PORTD   0x000f83       data     extern E:\MPASM_MPLINK_PIC18_LT_Branch_3_42\pic18-lt\cxx-framework\src\traditional\proc\p18f45k22.asm
                PORTDbits   0x000f83       data     extern E:\MPASM_MPLINK_PIC18_LT_Branch_3_42\pic18-lt\cxx-framework\src\traditional\proc\p18f45k22.asm
                    PORTE   0x000f84       data     extern E:\MPASM_MPLINK_PIC18_LT_Branch_3_42\pic18-lt\cxx-framework\src\traditional\proc\p18f45k22.asm
                PORTEbits   0x000f84       data     extern E:\MPASM_MPLINK_PIC18_LT_Branch_3_42\pic18-lt\cxx-framework\src\traditional\proc\p18f45k22.asm
                 POSTDEC0   0x000fed       data     extern E:\MPASM_MPLINK_PIC18_LT_Branch_3_42\pic18-lt\cxx-framework\src\traditional\proc\p18f45k22.asm
                 POSTDEC1   0x000fe5       data     extern E:\MPASM_MPLINK_PIC18_LT_Branch_3_42\pic18-lt\cxx-framework\src\traditional\proc\p18f45k22.asm
                 POSTDEC2   0x000fdd       data     extern E:\MPASM_MPLINK_PIC18_LT_Branch_3_42\pic18-lt\cxx-framework\src\traditional\proc\p18f45k22.asm
                 POSTINC0   0x000fee       data     extern E:\MPASM_MPLINK_PIC18_LT_Branch_3_42\pic18-lt\cxx-framework\src\traditional\proc\p18f45k22.asm
                 POSTINC1   0x000fe6       data     extern E:\MPASM_MPLINK_PIC18_LT_Branch_3_42\pic18-lt\cxx-framework\src\traditional\proc\p18f45k22.asm
                 POSTINC2   0x000fde       data     extern E:\MPASM_MPLINK_PIC18_LT_Branch_3_42\pic18-lt\cxx-framework\src\traditional\proc\p18f45k22.asm
                      PR2   0x000fbb       data     extern E:\MPASM_MPLINK_PIC18_LT_Branch_3_42\pic18-lt\cxx-framework\src\traditional\proc\p18f45k22.asm
                      PR4   0x000f52       data     extern E:\MPASM_MPLINK_PIC18_LT_Branch_3_42\pic18-lt\cxx-framework\src\traditional\proc\p18f45k22.asm
                      PR6   0x000f4b       data     extern E:\MPASM_MPLINK_PIC18_LT_Branch_3_42\pic18-lt\cxx-framework\src\traditional\proc\p18f45k22.asm
                  PREINC0   0x000fec       data     extern E:\MPASM_MPLINK_PIC18_LT_Branch_3_42\pic18-lt\cxx-framework\src\traditional\proc\p18f45k22.asm
                  PREINC1   0x000fe4       data     extern E:\MPASM_MPLINK_PIC18_LT_Branch_3_42\pic18-lt\cxx-framework\src\traditional\proc\p18f45k22.asm
                  PREINC2   0x000fdc       data     extern E:\MPASM_MPLINK_PIC18_LT_Branch_3_42\pic18-lt\cxx-framework\src\traditional\proc\p18f45k22.asm
                     PROD   0x000ff3       data     extern E:\MPASM_MPLINK_PIC18_LT_Branch_3_42\pic18-lt\cxx-framework\src\traditional\proc\p18f45k22.asm
                    PRODH   0x000ff4       data     extern E:\MPASM_MPLINK_PIC18_LT_Branch_3_42\pic18-lt\cxx-framework\src\traditional\proc\p18f45k22.asm
                    PRODL   0x000ff3       data     extern E:\MPASM_MPLINK_PIC18_LT_Branch_3_42\pic18-lt\cxx-framework\src\traditional\proc\p18f45k22.asm
                 PSTR1CON   0x000fb9       data     extern E:\MPASM_MPLINK_PIC18_LT_Branch_3_42\pic18-lt\cxx-framework\src\traditional\proc\p18f45k22.asm
             PSTR1CONbits   0x000fb9       data     extern E:\MPASM_MPLINK_PIC18_LT_Branch_3_42\pic18-lt\cxx-framework\src\traditional\proc\p18f45k22.asm
                 PSTR2CON   0x000f63       data     extern E:\MPASM_MPLINK_PIC18_LT_Branch_3_42\pic18-lt\cxx-framework\src\traditional\proc\p18f45k22.asm
             PSTR2CONbits   0x000f63       data     extern E:\MPASM_MPLINK_PIC18_LT_Branch_3_42\pic18-lt\cxx-framework\src\traditional\proc\p18f45k22.asm
                 PSTR3CON   0x000f5a       data     extern E:\MPASM_MPLINK_PIC18_LT_Branch_3_42\pic18-lt\cxx-framework\src\traditional\proc\p18f45k22.asm
             PSTR3CONbits   0x000f5a       data     extern E:\MPASM_MPLINK_PIC18_LT_Branch_3_42\pic18-lt\cxx-framework\src\traditional\proc\p18f45k22.asm
                  PSTRCON   0x000fb9       data     extern E:\MPASM_MPLINK_PIC18_LT_Branch_3_42\pic18-lt\cxx-framework\src\traditional\proc\p18f45k22.asm
              PSTRCONbits   0x000fb9       data     extern E:\MPASM_MPLINK_PIC18_LT_Branch_3_42\pic18-lt\cxx-framework\src\traditional\proc\p18f45k22.asm
                  PWM1CON   0x000fb7       data     extern E:\MPASM_MPLINK_PIC18_LT_Branch_3_42\pic18-lt\cxx-framework\src\traditional\proc\p18f45k22.asm
              PWM1CONbits   0x000fb7       data     extern E:\MPASM_MPLINK_PIC18_LT_Branch_3_42\pic18-lt\cxx-framework\src\traditional\proc\p18f45k22.asm
                  PWM2CON   0x000f65       data     extern E:\MPASM_MPLINK_PIC18_LT_Branch_3_42\pic18-lt\cxx-framework\src\traditional\proc\p18f45k22.asm
              PWM2CONbits   0x000f65       data     extern E:\MPASM_MPLINK_PIC18_LT_Branch_3_42\pic18-lt\cxx-framework\src\traditional\proc\p18f45k22.asm
                  PWM3CON   0x000f5c       data     extern E:\MPASM_MPLINK_PIC18_LT_Branch_3_42\pic18-lt\cxx-framework\src\traditional\proc\p18f45k22.asm
              PWM3CONbits   0x000f5c       data     extern E:\MPASM_MPLINK_PIC18_LT_Branch_3_42\pic18-lt\cxx-framework\src\traditional\proc\p18f45k22.asm
                   PWMCON   0x000fb7       data     extern E:\MPASM_MPLINK_PIC18_LT_Branch_3_42\pic18-lt\cxx-framework\src\traditional\proc\p18f45k22.asm
               PWMCONbits   0x000fb7       data     extern E:\MPASM_MPLINK_PIC18_LT_Branch_3_42\pic18-lt\cxx-framework\src\traditional\proc\p18f45k22.asm
        PageListElementId   0x0000a5       data     extern C:\Users\Administrator\Documents\20-Firmware\emphi\work\uiPage.c
                   ParCol   0x0000b3       data     extern C:\Users\Administrator\Documents\20-Firmware\emphi\work\uiPar.c
                   ParRow   0x0000b2       data     extern C:\Users\Administrator\Documents\20-Firmware\emphi\work\uiPar.c
      PtrLboxBaseElemento   0x000086       data     extern C:\Users\Administrator\Documents\20-Firmware\emphi\work\uiLbox.c
   PtrLboxIstanzaElemento   0x000082       data     extern C:\Users\Administrator\Documents\20-Firmware\emphi\work\uiLbox.c
     PtrLboxListaElemento   0x000084       data     extern C:\Users\Administrator\Documents\20-Firmware\emphi\work\uiLbox.c
      PtrPageBaseElemento   0x0000a3       data     extern C:\Users\Administrator\Documents\20-Firmware\emphi\work\uiPage.c
   PtrPageIstanzaElemento   0x00009f       data     extern C:\Users\Administrator\Documents\20-Firmware\emphi\work\uiPage.c
     PtrPageListaElemento   0x0000a1       data     extern C:\Users\Administrator\Documents\20-Firmware\emphi\work\uiPage.c
       PtrParBaseElemento   0x0000b0       data     extern C:\Users\Administrator\Documents\20-Firmware\emphi\work\uiPar.c
           PtrParElemento   0x0000ae       data     extern C:\Users\Administrator\Documents\20-Firmware\emphi\work\uiPar.c
                   RC1REG   0x000fae       data     extern E:\MPASM_MPLINK_PIC18_LT_Branch_3_42\pic18-lt\cxx-framework\src\traditional\proc\p18f45k22.asm
               RC1REGbits   0x000fae       data     extern E:\MPASM_MPLINK_PIC18_LT_Branch_3_42\pic18-lt\cxx-framework\src\traditional\proc\p18f45k22.asm
                   RC1STA   0x000fab       data     extern E:\MPASM_MPLINK_PIC18_LT_Branch_3_42\pic18-lt\cxx-framework\src\traditional\proc\p18f45k22.asm
               RC1STAbits   0x000fab       data     extern E:\MPASM_MPLINK_PIC18_LT_Branch_3_42\pic18-lt\cxx-framework\src\traditional\proc\p18f45k22.asm
                   RC2REG   0x000f74       data     extern E:\MPASM_MPLINK_PIC18_LT_Branch_3_42\pic18-lt\cxx-framework\src\traditional\proc\p18f45k22.asm
                   RC2STA   0x000f71       data     extern E:\MPASM_MPLINK_PIC18_LT_Branch_3_42\pic18-lt\cxx-framework\src\traditional\proc\p18f45k22.asm
               RC2STAbits   0x000f71       data     extern E:\MPASM_MPLINK_PIC18_LT_Branch_3_42\pic18-lt\cxx-framework\src\traditional\proc\p18f45k22.asm
                     RCON   0x000fd0       data     extern E:\MPASM_MPLINK_PIC18_LT_Branch_3_42\pic18-lt\cxx-framework\src\traditional\proc\p18f45k22.asm
                 RCONbits   0x000fd0       data     extern E:\MPASM_MPLINK_PIC18_LT_Branch_3_42\pic18-lt\cxx-framework\src\traditional\proc\p18f45k22.asm
                    RCREG   0x000fae       data     extern E:\MPASM_MPLINK_PIC18_LT_Branch_3_42\pic18-lt\cxx-framework\src\traditional\proc\p18f45k22.asm
                   RCREG1   0x000fae       data     extern E:\MPASM_MPLINK_PIC18_LT_Branch_3_42\pic18-lt\cxx-framework\src\traditional\proc\p18f45k22.asm
               RCREG1bits   0x000fae       data     extern E:\MPASM_MPLINK_PIC18_LT_Branch_3_42\pic18-lt\cxx-framework\src\traditional\proc\p18f45k22.asm
                   RCREG2   0x000f74       data     extern E:\MPASM_MPLINK_PIC18_LT_Branch_3_42\pic18-lt\cxx-framework\src\traditional\proc\p18f45k22.asm
                RCREGbits   0x000fae       data     extern E:\MPASM_MPLINK_PIC18_LT_Branch_3_42\pic18-lt\cxx-framework\src\traditional\proc\p18f45k22.asm
                    RCSTA   0x000fab       data     extern E:\MPASM_MPLINK_PIC18_LT_Branch_3_42\pic18-lt\cxx-framework\src\traditional\proc\p18f45k22.asm
                   RCSTA1   0x000fab       data     extern E:\MPASM_MPLINK_PIC18_LT_Branch_3_42\pic18-lt\cxx-framework\src\traditional\proc\p18f45k22.asm
               RCSTA1bits   0x000fab       data     extern E:\MPASM_MPLINK_PIC18_LT_Branch_3_42\pic18-lt\cxx-framework\src\traditional\proc\p18f45k22.asm
                   RCSTA2   0x000f71       data     extern E:\MPASM_MPLINK_PIC18_LT_Branch_3_42\pic18-lt\cxx-framework\src\traditional\proc\p18f45k22.asm
               RCSTA2bits   0x000f71       data     extern E:\MPASM_MPLINK_PIC18_LT_Branch_3_42\pic18-lt\cxx-framework\src\traditional\proc\p18f45k22.asm
                RCSTAbits   0x000fab       data     extern E:\MPASM_MPLINK_PIC18_LT_Branch_3_42\pic18-lt\cxx-framework\src\traditional\proc\p18f45k22.asm
                     SIGN   0x00000e       data     extern E:\MPASM_MPLINK_PIC18_LT_Branch_3_42\pic18-lt\cxx-framework\src\traditional\math\cmath18.asm
                   SLRCON   0x000f60       data     extern E:\MPASM_MPLINK_PIC18_LT_Branch_3_42\pic18-lt\cxx-framework\src\traditional\proc\p18f45k22.asm
               SLRCONbits   0x000f60       data     extern E:\MPASM_MPLINK_PIC18_LT_Branch_3_42\pic18-lt\cxx-framework\src\traditional\proc\p18f45k22.asm
                   SP1BRG   0x000faf       data     extern E:\MPASM_MPLINK_PIC18_LT_Branch_3_42\pic18-lt\cxx-framework\src\traditional\proc\p18f45k22.asm
                  SP1BRGH   0x000fb0       data     extern E:\MPASM_MPLINK_PIC18_LT_Branch_3_42\pic18-lt\cxx-framework\src\traditional\proc\p18f45k22.asm
              SP1BRGHbits   0x000fb0       data     extern E:\MPASM_MPLINK_PIC18_LT_Branch_3_42\pic18-lt\cxx-framework\src\traditional\proc\p18f45k22.asm
               SP1BRGbits   0x000faf       data     extern E:\MPASM_MPLINK_PIC18_LT_Branch_3_42\pic18-lt\cxx-framework\src\traditional\proc\p18f45k22.asm
                   SP2BRG   0x000f75       data     extern E:\MPASM_MPLINK_PIC18_LT_Branch_3_42\pic18-lt\cxx-framework\src\traditional\proc\p18f45k22.asm
                  SP2BRGH   0x000f76       data     extern E:\MPASM_MPLINK_PIC18_LT_Branch_3_42\pic18-lt\cxx-framework\src\traditional\proc\p18f45k22.asm
                    SPBRG   0x000faf       data     extern E:\MPASM_MPLINK_PIC18_LT_Branch_3_42\pic18-lt\cxx-framework\src\traditional\proc\p18f45k22.asm
                   SPBRG1   0x000faf       data     extern E:\MPASM_MPLINK_PIC18_LT_Branch_3_42\pic18-lt\cxx-framework\src\traditional\proc\p18f45k22.asm
               SPBRG1bits   0x000faf       data     extern E:\MPASM_MPLINK_PIC18_LT_Branch_3_42\pic18-lt\cxx-framework\src\traditional\proc\p18f45k22.asm
                   SPBRG2   0x000f75       data     extern E:\MPASM_MPLINK_PIC18_LT_Branch_3_42\pic18-lt\cxx-framework\src\traditional\proc\p18f45k22.asm
                   SPBRGH   0x000fb0       data     extern E:\MPASM_MPLINK_PIC18_LT_Branch_3_42\pic18-lt\cxx-framework\src\traditional\proc\p18f45k22.asm
                  SPBRGH1   0x000fb0       data     extern E:\MPASM_MPLINK_PIC18_LT_Branch_3_42\pic18-lt\cxx-framework\src\traditional\proc\p18f45k22.asm
              SPBRGH1bits   0x000fb0       data     extern E:\MPASM_MPLINK_PIC18_LT_Branch_3_42\pic18-lt\cxx-framework\src\traditional\proc\p18f45k22.asm
                  SPBRGH2   0x000f76       data     extern E:\MPASM_MPLINK_PIC18_LT_Branch_3_42\pic18-lt\cxx-framework\src\traditional\proc\p18f45k22.asm
               SPBRGHbits   0x000fb0       data     extern E:\MPASM_MPLINK_PIC18_LT_Branch_3_42\pic18-lt\cxx-framework\src\traditional\proc\p18f45k22.asm
                SPBRGbits   0x000faf       data     extern E:\MPASM_MPLINK_PIC18_LT_Branch_3_42\pic18-lt\cxx-framework\src\traditional\proc\p18f45k22.asm
                   SRCON0   0x000f47       data     extern E:\MPASM_MPLINK_PIC18_LT_Branch_3_42\pic18-lt\cxx-framework\src\traditional\proc\p18f45k22.asm
               SRCON0bits   0x000f47       data     extern E:\MPASM_MPLINK_PIC18_LT_Branch_3_42\pic18-lt\cxx-framework\src\traditional\proc\p18f45k22.asm
                   SRCON1   0x000f46       data     extern E:\MPASM_MPLINK_PIC18_LT_Branch_3_42\pic18-lt\cxx-framework\src\traditional\proc\p18f45k22.asm
               SRCON1bits   0x000f46       data     extern E:\MPASM_MPLINK_PIC18_LT_Branch_3_42\pic18-lt\cxx-framework\src\traditional\proc\p18f45k22.asm
                  SSP1ADD   0x000fc8       data     extern E:\MPASM_MPLINK_PIC18_LT_Branch_3_42\pic18-lt\cxx-framework\src\traditional\proc\p18f45k22.asm
[...]
                  BAUDCTL   0x000fb8       data     extern E:\MPASM_MPLINK_PIC18_LT_Branch_3_42\pic18-lt\cxx-framework\src\traditional\proc\p18f45k22.asm
              BAUDCONbits   0x000fb8       data     extern E:\MPASM_MPLINK_PIC18_LT_Branch_3_42\pic18-lt\cxx-framework\src\traditional\proc\p18f45k22.asm
             BAUDCON1bits   0x000fb8       data     extern E:\MPASM_MPLINK_PIC18_LT_Branch_3_42\pic18-lt\cxx-framework\src\traditional\proc\p18f45k22.asm
                 BAUDCON1   0x000fb8       data     extern E:\MPASM_MPLINK_PIC18_LT_Branch_3_42\pic18-lt\cxx-framework\src\traditional\proc\p18f45k22.asm
                  BAUDCON   0x000fb8       data     extern E:\MPASM_MPLINK_PIC18_LT_Branch_3_42\pic18-lt\cxx-framework\src\traditional\proc\p18f45k22.asm
             BAUD1CONbits   0x000fb8       data     extern E:\MPASM_MPLINK_PIC18_LT_Branch_3_42\pic18-lt\cxx-framework\src\traditional\proc\p18f45k22.asm
                 BAUD1CON   0x000fb8       data     extern E:\MPASM_MPLINK_PIC18_LT_Branch_3_42\pic18-lt\cxx-framework\src\traditional\proc\p18f45k22.asm
              PSTRCONbits   0x000fb9       data     extern E:\MPASM_MPLINK_PIC18_LT_Branch_3_42\pic18-lt\cxx-framework\src\traditional\proc\p18f45k22.asm
                  PSTRCON   0x000fb9       data     extern E:\MPASM_MPLINK_PIC18_LT_Branch_3_42\pic18-lt\cxx-framework\src\traditional\proc\p18f45k22.asm
             PSTR1CONbits   0x000fb9       data     extern E:\MPASM_MPLINK_PIC18_LT_Branch_3_42\pic18-lt\cxx-framework\src\traditional\proc\p18f45k22.asm
                 PSTR1CON   0x000fb9       data     extern E:\MPASM_MPLINK_PIC18_LT_Branch_3_42\pic18-lt\cxx-framework\src\traditional\proc\p18f45k22.asm
                    T2CON   0x000fba       data     extern E:\MPASM_MPLINK_PIC18_LT_Branch_3_42\pic18-lt\cxx-framework\src\traditional\proc\p18f45k22.asm
                T2CONbits   0x000fba       data     extern E:\MPASM_MPLINK_PIC18_LT_Branch_3_42\pic18-lt\cxx-framework\src\traditional\proc\p18f45k22.asm
                      PR2   0x000fbb       data     extern E:\MPASM_MPLINK_PIC18_LT_Branch_3_42\pic18-lt\cxx-framework\src\traditional\proc\p18f45k22.asm
                     TMR2   0x000fbc       data     extern E:\MPASM_MPLINK_PIC18_LT_Branch_3_42\pic18-lt\cxx-framework\src\traditional\proc\p18f45k22.asm
              CCP1CONbits   0x000fbd       data     extern E:\MPASM_MPLINK_PIC18_LT_Branch_3_42\pic18-lt\cxx-framework\src\traditional\proc\p18f45k22.asm
                  CCP1CON   0x000fbd       data     extern E:\MPASM_MPLINK_PIC18_LT_Branch_3_42\pic18-lt\cxx-framework\src\traditional\proc\p18f45k22.asm
                    CCPR1   0x000fbe       data     extern E:\MPASM_MPLINK_PIC18_LT_Branch_3_42\pic18-lt\cxx-framework\src\traditional\proc\p18f45k22.asm
                   CCPR1L   0x000fbe       data     extern E:\MPASM_MPLINK_PIC18_LT_Branch_3_42\pic18-lt\cxx-framework\src\traditional\proc\p18f45k22.asm
                   CCPR1H   0x000fbf       data     extern E:\MPASM_MPLINK_PIC18_LT_Branch_3_42\pic18-lt\cxx-framework\src\traditional\proc\p18f45k22.asm
                   ADCON2   0x000fc0       data     extern E:\MPASM_MPLINK_PIC18_LT_Branch_3_42\pic18-lt\cxx-framework\src\traditional\proc\p18f45k22.asm
               ADCON2bits   0x000fc0       data     extern E:\MPASM_MPLINK_PIC18_LT_Branch_3_42\pic18-lt\cxx-framework\src\traditional\proc\p18f45k22.asm
                   ADCON1   0x000fc1       data     extern E:\MPASM_MPLINK_PIC18_LT_Branch_3_42\pic18-lt\cxx-framework\src\traditional\proc\p18f45k22.asm
               ADCON1bits   0x000fc1       data     extern E:\MPASM_MPLINK_PIC18_LT_Branch_3_42\pic18-lt\cxx-framework\src\traditional\proc\p18f45k22.asm
               ADCON0bits   0x000fc2       data     extern E:\MPASM_MPLINK_PIC18_LT_Branch_3_42\pic18-lt\cxx-framework\src\traditional\proc\p18f45k22.asm
                   ADCON0   0x000fc2       data     extern E:\MPASM_MPLINK_PIC18_LT_Branch_3_42\pic18-lt\cxx-framework\src\traditional\proc\p18f45k22.asm
                   ADRESL   0x000fc3       data     extern E:\MPASM_MPLINK_PIC18_LT_Branch_3_42\pic18-lt\cxx-framework\src\traditional\proc\p18f45k22.asm
                    ADRES   0x000fc3       data     extern E:\MPASM_MPLINK_PIC18_LT_Branch_3_42\pic18-lt\cxx-framework\src\traditional\proc\p18f45k22.asm
                   ADRESH   0x000fc4       data     extern E:\MPASM_MPLINK_PIC18_LT_Branch_3_42\pic18-lt\cxx-framework\src\traditional\proc\p18f45k22.asm
                 SSP1CON2   0x000fc5       data     extern E:\MPASM_MPLINK_PIC18_LT_Branch_3_42\pic18-lt\cxx-framework\src\traditional\proc\p18f45k22.asm
             SSP1CON2bits   0x000fc5       data     extern E:\MPASM_MPLINK_PIC18_LT_Branch_3_42\pic18-lt\cxx-framework\src\traditional\proc\p18f45k22.asm
                  SSPCON2   0x000fc5       data     extern E:\MPASM_MPLINK_PIC18_LT_Branch_3_42\pic18-lt\cxx-framework\src\traditional\proc\p18f45k22.asm
              SSPCON2bits   0x000fc5       data     extern E:\MPASM_MPLINK_PIC18_LT_Branch_3_42\pic18-lt\cxx-framework\src\traditional\proc\p18f45k22.asm
              SSPCON1bits   0x000fc6       data     extern E:\MPASM_MPLINK_PIC18_LT_Branch_3_42\pic18-lt\cxx-framework\src\traditional\proc\p18f45k22.asm
                  SSPCON1   0x000fc6       data     extern E:\MPASM_MPLINK_PIC18_LT_Branch_3_42\pic18-lt\cxx-framework\src\traditional\proc\p18f45k22.asm
                 SSP1CON1   0x000fc6       data     extern E:\MPASM_MPLINK_PIC18_LT_Branch_3_42\pic18-lt\cxx-framework\src\traditional\proc\p18f45k22.asm
             SSP1CON1bits   0x000fc6       data     extern E:\MPASM_MPLINK_PIC18_LT_Branch_3_42\pic18-lt\cxx-framework\src\traditional\proc\p18f45k22.asm
                  SSPSTAT   0x000fc7       data     extern E:\MPASM_MPLINK_PIC18_LT_Branch_3_42\pic18-lt\cxx-framework\src\traditional\proc\p18f45k22.asm
                 SSP1STAT   0x000fc7       data     extern E:\MPASM_MPLINK_PIC18_LT_Branch_3_42\pic18-lt\cxx-framework\src\traditional\proc\p18f45k22.asm
             SSP1STATbits   0x000fc7       data     extern E:\MPASM_MPLINK_PIC18_LT_Branch_3_42\pic18-lt\cxx-framework\src\traditional\proc\p18f45k22.asm
              SSPSTATbits   0x000fc7       data     extern E:\MPASM_MPLINK_PIC18_LT_Branch_3_42\pic18-lt\cxx-framework\src\traditional\proc\p18f45k22.asm
                   SSPADD   0x000fc8       data     extern E:\MPASM_MPLINK_PIC18_LT_Branch_3_42\pic18-lt\cxx-framework\src\traditional\proc\p18f45k22.asm
               SSPADDbits   0x000fc8       data     extern E:\MPASM_MPLINK_PIC18_LT_Branch_3_42\pic18-lt\cxx-framework\src\traditional\proc\p18f45k22.asm
              SSP1ADDbits   0x000fc8       data     extern E:\MPASM_MPLINK_PIC18_LT_Branch_3_42\pic18-lt\cxx-framework\src\traditional\proc\p18f45k22.asm
                  SSP1ADD   0x000fc8       data     extern E:\MPASM_MPLINK_PIC18_LT_Branch_3_42\pic18-lt\cxx-framework\src\traditional\proc\p18f45k22.asm
                   SSPBUF   0x000fc9       data     extern E:\MPASM_MPLINK_PIC18_LT_Branch_3_42\pic18-lt\cxx-framework\src\traditional\proc\p18f45k22.asm
               SSPBUFbits   0x000fc9       data     extern E:\MPASM_MPLINK_PIC18_LT_Branch_3_42\pic18-lt\cxx-framework\src\traditional\proc\p18f45k22.asm
              SSP1BUFbits   0x000fc9       data     extern E:\MPASM_MPLINK_PIC18_LT_Branch_3_42\pic18-lt\cxx-framework\src\traditional\proc\p18f45k22.asm
                  SSP1BUF   0x000fc9       data     extern E:\MPASM_MPLINK_PIC18_LT_Branch_3_42\pic18-lt\cxx-framework\src\traditional\proc\p18f45k22.asm
                   SSPMSK   0x000fca       data     extern E:\MPASM_MPLINK_PIC18_LT_Branch_3_42\pic18-lt\cxx-framework\src\traditional\proc\p18f45k22.asm
               SSPMSKbits   0x000fca       data     extern E:\MPASM_MPLINK_PIC18_LT_Branch_3_42\pic18-lt\cxx-framework\src\traditional\proc\p18f45k22.asm
                  SSP1MSK   0x000fca       data     extern E:\MPASM_MPLINK_PIC18_LT_Branch_3_42\pic18-lt\cxx-framework\src\traditional\proc\p18f45k22.asm
              SSP1MSKbits   0x000fca       data     extern E:\MPASM_MPLINK_PIC18_LT_Branch_3_42\pic18-lt\cxx-framework\src\traditional\proc\p18f45k22.asm
                 SSP1CON3   0x000fcb       data     extern E:\MPASM_MPLINK_PIC18_LT_Branch_3_42\pic18-lt\cxx-framework\src\traditional\proc\p18f45k22.asm
             SSP1CON3bits   0x000fcb       data     extern E:\MPASM_MPLINK_PIC18_LT_Branch_3_42\pic18-lt\cxx-framework\src\traditional\proc\p18f45k22.asm
                  SSPCON3   0x000fcb       data     extern E:\MPASM_MPLINK_PIC18_LT_Branch_3_42\pic18-lt\cxx-framework\src\traditional\proc\p18f45k22.asm
              SSPCON3bits   0x000fcb       data     extern E:\MPASM_MPLINK_PIC18_LT_Branch_3_42\pic18-lt\cxx-framework\src\traditional\proc\p18f45k22.asm
               T1GCONbits   0x000fcc       data     extern E:\MPASM_MPLINK_PIC18_LT_Branch_3_42\pic18-lt\cxx-framework\src\traditional\proc\p18f45k22.asm
                   T1GCON   0x000fcc       data     extern E:\MPASM_MPLINK_PIC18_LT_Branch_3_42\pic18-lt\cxx-framework\src\traditional\proc\p18f45k22.asm
                T1CONbits   0x000fcd       data     extern E:\MPASM_MPLINK_PIC18_LT_Branch_3_42\pic18-lt\cxx-framework\src\traditional\proc\p18f45k22.asm
                    T1CON   0x000fcd       data     extern E:\MPASM_MPLINK_PIC18_LT_Branch_3_42\pic18-lt\cxx-framework\src\traditional\proc\p18f45k22.asm
                    TMR1L   0x000fce       data     extern E:\MPASM_MPLINK_PIC18_LT_Branch_3_42\pic18-lt\cxx-framework\src\traditional\proc\p18f45k22.asm
                    TMR1H   0x000fcf       data     extern E:\MPASM_MPLINK_PIC18_LT_Branch_3_42\pic18-lt\cxx-framework\src\traditional\proc\p18f45k22.asm
                 RCONbits   0x000fd0       data     extern E:\MPASM_MPLINK_PIC18_LT_Branch_3_42\pic18-lt\cxx-framework\src\traditional\proc\p18f45k22.asm
                     RCON   0x000fd0       data     extern E:\MPASM_MPLINK_PIC18_LT_Branch_3_42\pic18-lt\cxx-framework\src\traditional\proc\p18f45k22.asm
               WDTCONbits   0x000fd1       data     extern E:\MPASM_MPLINK_PIC18_LT_Branch_3_42\pic18-lt\cxx-framework\src\traditional\proc\p18f45k22.asm
                   WDTCON   0x000fd1       data     extern E:\MPASM_MPLINK_PIC18_LT_Branch_3_42\pic18-lt\cxx-framework\src\traditional\proc\p18f45k22.asm
                  OSCCON2   0x000fd2       data     extern E:\MPASM_MPLINK_PIC18_LT_Branch_3_42\pic18-lt\cxx-framework\src\traditional\proc\p18f45k22.asm
              OSCCON2bits   0x000fd2       data     extern E:\MPASM_MPLINK_PIC18_LT_Branch_3_42\pic18-lt\cxx-framework\src\traditional\proc\p18f45k22.asm
                   OSCCON   0x000fd3       data     extern E:\MPASM_MPLINK_PIC18_LT_Branch_3_42\pic18-lt\cxx-framework\src\traditional\proc\p18f45k22.asm
               OSCCONbits   0x000fd3       data     extern E:\MPASM_MPLINK_PIC18_LT_Branch_3_42\pic18-lt\cxx-framework\src\traditional\proc\p18f45k22.asm
                    T0CON   0x000fd5       data     extern E:\MPASM_MPLINK_PIC18_LT_Branch_3_42\pic18-lt\cxx-framework\src\traditional\proc\p18f45k22.asm
                T0CONbits   0x000fd5       data     extern E:\MPASM_MPLINK_PIC18_LT_Branch_3_42\pic18-lt\cxx-framework\src\traditional\proc\p18f45k22.asm
                    TMR0L   0x000fd6       data     extern E:\MPASM_MPLINK_PIC18_LT_Branch_3_42\pic18-lt\cxx-framework\src\traditional\proc\p18f45k22.asm
                    TMR0H   0x000fd7       data     extern E:\MPASM_MPLINK_PIC18_LT_Branch_3_42\pic18-lt\cxx-framework\src\traditional\proc\p18f45k22.asm
               STATUSbits   0x000fd8       data     extern E:\MPASM_MPLINK_PIC18_LT_Branch_3_42\pic18-lt\cxx-framework\src\traditional\proc\p18f45k22.asm
                   STATUS   0x000fd8       data     extern E:\MPASM_MPLINK_PIC18_LT_Branch_3_42\pic18-lt\cxx-framework\src\traditional\proc\p18f45k22.asm
                    FSR2L   0x000fd9       data     extern E:\MPASM_MPLINK_PIC18_LT_Branch_3_42\pic18-lt\cxx-framework\src\traditional\proc\p18f45k22.asm
                     FSR2   0x000fd9       data     extern E:\MPASM_MPLINK_PIC18_LT_Branch_3_42\pic18-lt\cxx-framework\src\traditional\proc\p18f45k22.asm
                    FSR2H   0x000fda       data     extern E:\MPASM_MPLINK_PIC18_LT_Branch_3_42\pic18-lt\cxx-framework\src\traditional\proc\p18f45k22.asm
                   PLUSW2   0x000fdb       data     extern E:\MPASM_MPLINK_PIC18_LT_Branch_3_42\pic18-lt\cxx-framework\src\traditional\proc\p18f45k22.asm
                  PREINC2   0x000fdc       data     extern E:\MPASM_MPLINK_PIC18_LT_Branch_3_42\pic18-lt\cxx-framework\src\traditional\proc\p18f45k22.asm
                 POSTDEC2   0x000fdd       data     extern E:\MPASM_MPLINK_PIC18_LT_Branch_3_42\pic18-lt\cxx-framework\src\traditional\proc\p18f45k22.asm
                 POSTINC2   0x000fde       data     extern E:\MPASM_MPLINK_PIC18_LT_Branch_3_42\pic18-lt\cxx-framework\src\traditional\proc\p18f45k22.asm
                    INDF2   0x000fdf       data     extern E:\MPASM_MPLINK_PIC18_LT_Branch_3_42\pic18-lt\cxx-framework\src\traditional\proc\p18f45k22.asm
                      BSR   0x000fe0       data     extern E:\MPASM_MPLINK_PIC18_LT_Branch_3_42\pic18-lt\cxx-framework\src\traditional\proc\p18f45k22.asm
                    FSR1L   0x000fe1       data     extern E:\MPASM_MPLINK_PIC18_LT_Branch_3_42\pic18-lt\cxx-framework\src\traditional\proc\p18f45k22.asm
                     FSR1   0x000fe1       data     extern E:\MPASM_MPLINK_PIC18_LT_Branch_3_42\pic18-lt\cxx-framework\src\traditional\proc\p18f45k22.asm
                    FSR1H   0x000fe2       data     extern E:\MPASM_MPLINK_PIC18_LT_Branch_3_42\pic18-lt\cxx-framework\src\traditional\proc\p18f45k22.asm
                   PLUSW1   0x000fe3       data     extern E:\MPASM_MPLINK_PIC18_LT_Branch_3_42\pic18-lt\cxx-framework\src\traditional\proc\p18f45k22.asm
                  PREINC1   0x000fe4       data     extern E:\MPASM_MPLINK_PIC18_LT_Branch_3_42\pic18-lt\cxx-framework\src\traditional\proc\p18f45k22.asm
                 POSTDEC1   0x000fe5       data     extern E:\MPASM_MPLINK_PIC18_LT_Branch_3_42\pic18-lt\cxx-framework\src\traditional\proc\p18f45k22.asm
                 POSTINC1   0x000fe6       data     extern E:\MPASM_MPLINK_PIC18_LT_Branch_3_42\pic18-lt\cxx-framework\src\traditional\proc\p18f45k22.asm
                    INDF1   0x000fe7       data     extern E:\MPASM_MPLINK_PIC18_LT_Branch_3_42\pic18-lt\cxx-framework\src\traditional\proc\p18f45k22.asm
                        W   0x000fe8       data     extern E:\MPASM_MPLINK_PIC18_LT_Branch_3_42\pic18-lt\cxx-framework\src\traditional\proc\p18f45k22.asm
                     WREG   0x000fe8       data     extern E:\MPASM_MPLINK_PIC18_LT_Branch_3_42\pic18-lt\cxx-framework\src\traditional\proc\p18f45k22.asm
                     FSR0   0x000fe9       data     extern E:\MPASM_MPLINK_PIC18_LT_Branch_3_42\pic18-lt\cxx-framework\src\traditional\proc\p18f45k22.asm
                    FSR0L   0x000fe9       data     extern E:\MPASM_MPLINK_PIC18_LT_Branch_3_42\pic18-lt\cxx-framework\src\traditional\proc\p18f45k22.asm
                    FSR0H   0x000fea       data     extern E:\MPASM_MPLINK_PIC18_LT_Branch_3_42\pic18-lt\cxx-framework\src\traditional\proc\p18f45k22.asm
                   PLUSW0   0x000feb       data     extern E:\MPASM_MPLINK_PIC18_LT_Branch_3_42\pic18-lt\cxx-framework\src\traditional\proc\p18f45k22.asm
                  PREINC0   0x000fec       data     extern E:\MPASM_MPLINK_PIC18_LT_Branch_3_42\pic18-lt\cxx-framework\src\traditional\proc\p18f45k22.asm
                 POSTDEC0   0x000fed       data     extern E:\MPASM_MPLINK_PIC18_LT_Branch_3_42\pic18-lt\cxx-framework\src\traditional\proc\p18f45k22.asm
                 POSTINC0   0x000fee       data     extern E:\MPASM_MPLINK_PIC18_LT_Branch_3_42\pic18-lt\cxx-framework\src\traditional\proc\p18f45k22.asm
                    INDF0   0x000fef       data     extern E:\MPASM_MPLINK_PIC18_LT_Branch_3_42\pic18-lt\cxx-framework\src\traditional\proc\p18f45k22.asm
                  INTCON3   0x000ff0       data     extern E:\MPASM_MPLINK_PIC18_LT_Branch_3_42\pic18-lt\cxx-framework\src\traditional\proc\p18f45k22.asm
              INTCON3bits   0x000ff0       data     extern E:\MPASM_MPLINK_PIC18_LT_Branch_3_42\pic18-lt\cxx-framework\src\traditional\proc\p18f45k22.asm
              INTCON2bits   0x000ff1       data     extern E:\MPASM_MPLINK_PIC18_LT_Branch_3_42\pic18-lt\cxx-framework\src\traditional\proc\p18f45k22.asm
                  INTCON2   0x000ff1       data     extern E:\MPASM_MPLINK_PIC18_LT_Branch_3_42\pic18-lt\cxx-framework\src\traditional\proc\p18f45k22.asm
                   INTCON   0x000ff2       data     extern E:\MPASM_MPLINK_PIC18_LT_Branch_3_42\pic18-lt\cxx-framework\src\traditional\proc\p18f45k22.asm
               INTCONbits   0x000ff2       data     extern E:\MPASM_MPLINK_PIC18_LT_Branch_3_42\pic18-lt\cxx-framework\src\traditional\proc\p18f45k22.asm
                     PROD   0x000ff3       data     extern E:\MPASM_MPLINK_PIC18_LT_Branch_3_42\pic18-lt\cxx-framework\src\traditional\proc\p18f45k22.asm
                    PRODL   0x000ff3       data     extern E:\MPASM_MPLINK_PIC18_LT_Branch_3_42\pic18-lt\cxx-framework\src\traditional\proc\p18f45k22.asm
                    PRODH   0x000ff4       data     extern E:\MPASM_MPLINK_PIC18_LT_Branch_3_42\pic18-lt\cxx-framework\src\traditional\proc\p18f45k22.asm
                   TABLAT   0x000ff5       data     extern E:\MPASM_MPLINK_PIC18_LT_Branch_3_42\pic18-lt\cxx-framework\src\traditional\proc\p18f45k22.asm
                  TBLPTRL   0x000ff6       data     extern E:\MPASM_MPLINK_PIC18_LT_Branch_3_42\pic18-lt\cxx-framework\src\traditional\proc\p18f45k22.asm
                   TBLPTR   0x000ff6       data     extern E:\MPASM_MPLINK_PIC18_LT_Branch_3_42\pic18-lt\cxx-framework\src\traditional\proc\p18f45k22.asm
                  TBLPTRH   0x000ff7       data     extern E:\MPASM_MPLINK_PIC18_LT_Branch_3_42\pic18-lt\cxx-framework\src\traditional\proc\p18f45k22.asm
                  TBLPTRU   0x000ff8       data     extern E:\MPASM_MPLINK_PIC18_LT_Branch_3_42\pic18-lt\cxx-framework\src\traditional\proc\p18f45k22.asm
              TBLPTRUbits   0x000ff8       data     extern E:\MPASM_MPLINK_PIC18_LT_Branch_3_42\pic18-lt\cxx-framework\src\traditional\proc\p18f45k22.asm
                      PCL   0x000ff9       data     extern E:\MPASM_MPLINK_PIC18_LT_Branch_3_42\pic18-lt\cxx-framework\src\traditional\proc\p18f45k22.asm
                       PC   0x000ff9       data     extern E:\MPASM_MPLINK_PIC18_LT_Branch_3_42\pic18-lt\cxx-framework\src\traditional\proc\p18f45k22.asm
                   PCLATH   0x000ffa       data     extern E:\MPASM_MPLINK_PIC18_LT_Branch_3_42\pic18-lt\cxx-framework\src\traditional\proc\p18f45k22.asm
                   PCLATU   0x000ffb       data     extern E:\MPASM_MPLINK_PIC18_LT_Branch_3_42\pic18-lt\cxx-framework\src\traditional\proc\p18f45k22.asm
               STKPTRbits   0x000ffc       data     extern E:\MPASM_MPLINK_PIC18_LT_Branch_3_42\pic18-lt\cxx-framework\src\traditional\proc\p18f45k22.asm
                   STKPTR   0x000ffc       data     extern E:\MPASM_MPLINK_PIC18_LT_Branch_3_42\pic18-lt\cxx-framework\src\traditional\proc\p18f45k22.asm
                     TOSL   0x000ffd       data     extern E:\MPASM_MPLINK_PIC18_LT_Branch_3_42\pic18-lt\cxx-framework\src\traditional\proc\p18f45k22.asm
                      TOS   0x000ffd       data     extern E:\MPASM_MPLINK_PIC18_LT_Branch_3_42\pic18-lt\cxx-framework\src\traditional\proc\p18f45k22.asm
                     TOSH   0x000ffe       data     extern E:\MPASM_MPLINK_PIC18_LT_Branch_3_42\pic18-lt\cxx-framework\src\traditional\proc\p18f45k22.asm
                     TOSU   0x000fff       data     extern E:\MPASM_MPLINK_PIC18_LT_Branch_3_42\pic18-lt\cxx-framework\src\traditional\proc\p18f45k22.asm


